d7fc0000 A text_base
d7fc0000 T _start
d7fc0020 t _except_start
d7fc002c t _except_end
d7fc0054 t _cur
d7fc00b8 t _reloc
d7fc0110 T dly_clks
d7fc0120 T _exception
d7fc0218 t _exception_return
d7fc02a0 T flush_dcache
d7fc02bc T flush_icache
d7fc02d8 T flush_dcache_range
d7fc02f0 T flush_cache
d7fc0338 T text_base_hook
d7fc033c T do_reset
d7fc0364 T checkcpu
d7fc038c T reset_timer
d7fc03bc T get_timer
d7fc03d0 T get_tbclk
d7fc03d8 T disable_interrupts
d7fc03f0 T enable_interrupts
d7fc0400 T external_interrupt
d7fc047c T irq_install_handler
d7fc0540 t def_hdlr
d7fc0564 T tmr_isr
d7fc0588 T get_ticks
d7fc05a4 T interrupt_init
d7fc0654 T display_sysid
d7fc08b0 T do_sysid
d7fc08cc T trap_handler
d7fc08e0 T soft_emulation
d7fc0900 T hang
d7fc091c T board_init
d7fc0a00 T do_bootm_linux
d7fc0adc T __ashldi3
d7fc0b2c T __lshrdi3
d7fc0b78 T __muldi3
d7fc0c98 t udivmodsi4
d7fc0cf4 T __divsi3
d7fc0d48 T __udivsi3
d7fc0d50 T __modsi3
d7fc0db4 T __mulsi3
d7fc0de0 T __umodsi3
d7fc0de8 T __udelay
d7fc0e08 t print_num
d7fc0e1c T do_bdinfo
d7fc0f08 W do_go_exec
d7fc0f18 T do_go
d7fc0fa4 t __fswab32
d7fc0fcc t __fswab32
d7fc0ff4 t __fswab32
d7fc101c T __arch_preboot_os
d7fc101c W arch_preboot_os
d7fc1020 t image_get_size
d7fc1028 t image_get_data_size
d7fc102c t image_get_data_size
d7fc1034 t image_check_magic
d7fc105c t image_check_magic
d7fc1084 t image_info
d7fc1168 T do_iminfo
d7fc1210 t bootstage_error
d7fc1230 t bootstage_error
d7fc1250 t bootstage_error
d7fc1270 t bootstage_mark
d7fc128c t bootstage_mark
d7fc12a8 t bootstage_mark
d7fc12c4 t do_bootm_rtems
d7fc1318 t do_bootm_netbsd
d7fc1490 t bootm_start
d7fc1880 t bootm_load_os
d7fc1a7c T do_bootm_subcommand
d7fc1c68 T do_bootm
d7fc1f18 T bootm_maybe_autostart
d7fc1fa4 T do_coninfo
d7fc20a8 T do_echo
d7fc216c T do_exit
d7fc21a8 t flash_fill_sect_ranges
d7fc2368 T flash_sect_protect
d7fc24cc T flash_sect_roundb
d7fc25a0 t addr_spec
d7fc2688 t abbrev_spec
d7fc27f0 T do_protect
d7fc2b58 T flash_sect_erase
d7fc2c48 T do_flerase
d7fc2e54 T do_flinfo
d7fc2f1c T do_help
d7fc2fa8 T ktrans
d7fc3000 T chk1
d7fc302c t bin_data_init
d7fc3054 t bin_data_char
d7fc3080 T k_data_init
d7fc309c T k_data_char
d7fc313c T send_pad
d7fc3180 T s1_sendpacket
d7fc31bc T handle_send_packet
d7fc3418 T send_nack
d7fc3494 T send_ack
d7fc3510 t getcxmodem
d7fc353c T do_load_serial_bin
d7fc3c9c T do_load_serial
d7fc3f98 T do_mem_crc
d7fc407c T do_mem_base
d7fc40d0 T do_mem_mtest
d7fc42b0 T do_mem_loop
d7fc43e4 T do_mem_cmp
d7fc45a4 T do_mem_mw
d7fc46c0 T do_mem_cp
d7fc483c t mod_mem
d7fc4a00 T do_mem_nm
d7fc4a2c T do_mem_mm
d7fc4a58 T do_mem_md
d7fc4b98 t extract_range
d7fc4c0c t do_mii
d7fc5430 T do_sleep
d7fc54c4 T do_ping
d7fc554c t netboot_common
d7fc5844 T do_dhcp
d7fc5850 T do_bootp
d7fc585c T do_tftpb
d7fc5868 T get_env_id
d7fc5878 t do_env
d7fc5910 t do_env_delete
d7fc5934 t do_env_import
d7fc5bac t do_env_default
d7fc5bf4 T envmatch
d7fc5c7c T getenv_f
d7fc5d6c T getenv
d7fc5dd4 t env_print
d7fc5e78 T do_env_print
d7fc5f28 T _do_env_set
d7fc629c T do_env_set
d7fc62c0 T setenv
d7fc6318 t do_env_export
d7fc65b4 T do_env_edit
d7fc6630 T source
d7fc6794 T do_source
d7fc67ec T do_false
d7fc67f4 T do_true
d7fc67fc T do_test
d7fc6c4c T do_version
d7fc6c90 T cmd_get_data_size
d7fc6d30 T cmd_usage
d7fc6da0 T find_cmd_tbl
d7fc6e7c T find_cmd
d7fc6ed4 T cmd_process
d7fc6fac T _do_help
d7fc7184 t console_setfile
d7fc7240 T fgetc
d7fc7270 T ftstc
d7fc72a0 T fputc
d7fc72dc T fputs
d7fc7310 T had_ctrlc
d7fc7320 T clear_ctrlc
d7fc7330 T console_init_f
d7fc7340 T search_device
d7fc7384 T console_assign
d7fc73e0 T puts
d7fc7408 T vprintf
d7fc7458 T printf
d7fc74c4 T stdio_print_current_devices
d7fc758c T console_init_r
d7fc767c T putc
d7fc76b0 T tstc
d7fc76d8 T getc
d7fc7700 T ctrlc
d7fc7760 T mem_malloc_init
d7fc7794 T sbrk
d7fc7818 T malloc_trim
d7fc7918 T free
d7fc7b88 T malloc
d7fc8290 T calloc
d7fc8384 T realloc
d7fc885c W env_get_char_spec
d7fc885c t __env_get_char_spec
d7fc886c T env_get_addr
d7fc8890 T env_get_char_memory
d7fc88ac T env_get_char
d7fc8900 T set_default_env
d7fc89a4 T env_relocate
d7fc89b8 T env_relocate_spec
d7fc89bc T env_init
d7fc89d4 t dummy
d7fc89d8 T get_version
d7fc89e0 T jumptable_init
d7fc8b18 T addr2info
d7fc8b7c T flash_perror
d7fc8c5c T flash_write
d7fc8db4 T flash_protect
d7fc8eb8 t b_reset
d7fc8ed0 t static_get
d7fc8ef4 t static_peek
d7fc8f00 t file_peek
d7fc8f0c t setup_string_in_str
d7fc8f38 t is_assignment
d7fc8fa0 T mapset
d7fc8fc4 t syntax_err
d7fc8fd0 T do_showvar
d7fc90fc t xmalloc
d7fc9128 T new_pipe
d7fc9158 T u_boot_hush_start
d7fc91bc t file_get
d7fc93d0 t free_pipe_list
d7fc94e4 t b_free
d7fc9518 t xrealloc
d7fc9544 t done_command
d7fc95ec t done_pipe
d7fc964c t initialize_context
d7fc9688 T reserved_word
d7fc97dc t done_word
d7fc9954 t b_addchr
d7fc99fc t b_addqchr
d7fc9a68 T set_local_var
d7fc9c40 T update_ifs_map
d7fc9cc0 T get_local_var
d7fc9d68 t insert_var_value
d7fc9edc t run_list_real
d7fca644 t parse_stream_outer
d7fcac40 T parse_file_outer
d7fcac88 T parse_string_outer
d7fcad5c T image_multi_count
d7fcad80 T get_table_entry_name
d7fcada4 T genimg_get_os_name
d7fcadbc T genimg_get_arch_name
d7fcadd4 T genimg_get_type_name
d7fcadec T genimg_get_comp_name
d7fcae04 T genimg_get_image
d7fcae0c T image_multi_getimg
d7fcaef0 t image_get_load
d7fcaef8 T genimg_get_format
d7fcaf14 T genimg_print_size
d7fcaf58 T image_print_contents
d7fcb10c T memmove_wd
d7fcb118 T getenv_yesno
d7fcb144 T image_check_dcrc
d7fcb198 T image_check_hcrc
d7fcb1f8 T boot_get_ramdisk
d7fcb468 T __show_boot_progress
d7fcb468 W show_boot_progress
d7fcb46c T run_command
d7fcb474 T do_run
d7fcb508 t delete_char
d7fcb618 t cread_add_char
d7fcb748 t cread_add_str
d7fcb7e0 T readline_into_buffer
d7fcc148 T readline
d7fcc160 T main_loop
d7fcc174 T miiphy_init
d7fcc194 t legacy_miiphy_read
d7fcc1d4 t legacy_miiphy_write
d7fcc1f0 T miiphy_get_current_dev
d7fcc210 T miiphy_is_1000base_x
d7fcc218 T miiphy_get_dev_by_name
d7fcc290 T miiphy_set_current_dev
d7fcc2e8 t miiphy_get_active_dev
d7fcc358 T miiphy_write
d7fcc3c4 T miiphy_read
d7fcc434 T miiphy_duplex
d7fcc4e0 T miiphy_speed
d7fcc58c T miiphy_info
d7fcc64c T mdio_alloc
d7fcc694 T miiphy_register
d7fcc7e0 T miiphy_listdev
d7fcc870 t hex1_bin
d7fcc8dc t hex2_bin
d7fcc930 T srec_decode
d7fccba8 T stdio_get_list
d7fccbb4 T stdio_clone
d7fccc20 T stdio_register
d7fccc6c T stdio_init
d7fcccfc T stdio_get_by_name
d7fccd6c T parse_num
d7fccf34 T xyzModem_error
d7fccfe8 T xyzModem_stream_close
d7fcd048 T CYGACC_COMM_IF_PUTC
d7fcd058 T CYGACC_COMM_IF_GETC_TIMEOUT
d7fcd0bc t xyzModem_flush
d7fcd0ec T xyzModem_stream_terminate
d7fcd1e0 t xyzModem_get_hdr
d7fcd474 T xyzModem_stream_read
d7fcd768 T xyzModem_stream_open
d7fcd910 t altera_pio_gidx
d7fcd94c t altera_pio_get_and_mask
d7fcd9d4 T gpio_direction_output
d7fcda78 T gpio_get_value
d7fcdae8 T gpio_set_value
d7fcdb64 T gpio_request
d7fcdbd0 T altera_pio_init
d7fcdddc T __led_toggle
d7fcde08 T __led_init
d7fcde48 t status_led_init
d7fcde80 T status_led_tick
d7fcdef0 W cfi_flash_bank_addr
d7fcdef0 t __cfi_flash_bank_addr
d7fcdf18 W cfi_flash_bank_size
d7fcdf18 t __cfi_flash_bank_size
d7fcdf20 t flash_make_cmd
d7fcdfb4 T flash_write_cmd
d7fce084 t flash_unlock_seq
d7fce0cc t flash_isequal
d7fce1b8 t flash_isset
d7fce2c4 t flash_add_byte
d7fce370 t find_sector
d7fce408 t cfi_reverse_geometry
d7fce4cc T __flash_cmd_reset
d7fce4cc W flash_cmd_reset
d7fce514 T flash_get_size
d7fcedbc t flash_status_poll
d7fceed4 t flash_status_check
d7fcf0d4 t flash_full_status_check
d7fcf258 T flash_real_protect
d7fcf4a0 t flash_write_cfiword
d7fcf708 T flash_print_info
d7fcf974 T flash_erase
d7fcfbb4 T write_buff
d7fd0284 T flash_init
d7fd03f8 t alt_sgdma_construct_descriptor_burst
d7fd05b0 t alt_sgdma_do_async_transfer
d7fd0604 t tse_eth_halt
d7fd0608 t tse_mdio_read
d7fd062c t tse_mdio_write
d7fd0654 t mii_m88e1111s_setmode_sr
d7fd06ac t mii_m88e1111s_setmode_cr
d7fd06f8 t mii_cr_init
d7fd0700 t phy_run_commands
d7fd07a4 t tse_set_mac_address
d7fd0834 T altera_tse_initialize
d7fd0a78 t mii_parse_88E1011_psr
d7fd0b74 t mii_parse_sr
d7fd0c64 t altera_tse_miiphy_read
d7fd0ccc t altera_tse_miiphy_write
d7fd0d10 t tse_eth_init
d7fd0fb4 t tse_eth_rx
d7fd1080 t tse_eth_send
d7fd1198 T serial_setbrg
d7fd119c T serial_init
d7fd11a4 T serial_putc
d7fd1200 T serial_puts
d7fd1238 T serial_tstc
d7fd124c T serial_getc
d7fd1274 T cyg_crc16
d7fd12bc T crc32_no_comp
d7fd1400 T crc32
d7fd1420 T crc32_wd
d7fd1424 T print_size
d7fd1604 T display_options
d7fd1630 T print_buffer
d7fd180c T zunzip
d7fd1954 T gunzip
d7fd1a24 T gzfree
d7fd1a2c T gzalloc
d7fd1a54 T hdestroy_r
d7fd1af0 t cmpkey
d7fd1b04 T hcreate_r
d7fd1bcc T hexport_r
d7fd1ed4 T hsearch_r
d7fd21f8 T hdelete_r
d7fd22a8 T himport_r
d7fd2550 T string_to_ip
d7fd25fc T qsort
d7fd2774 T __div64_32
d7fd28f0 T strcpy
d7fd2910 T strncpy
d7fd293c T strcat
d7fd296c T strncat
d7fd29b4 T strcmp
d7fd29e4 T strncmp
d7fd2a24 T strchr
d7fd2a54 T strlen
d7fd2a70 T strnlen
d7fd2a98 T memset
d7fd2afc T memcpy
d7fd2b58 T memmove
d7fd2bb8 T memcmp
d7fd2be4 T strdup
d7fd2c3c T udelay
d7fd2c7c t pack_hex_byte
d7fd2cb8 T simple_strtoul
d7fd2df0 T simple_strtol
d7fd2e28 t skip_atoi
d7fd2ea4 t put_dec_trunc
d7fd3034 T panic
d7fd3084 t string
d7fd3144 t put_dec
d7fd3328 t number
d7fd35d8 T vsprintf
d7fd3d14 T sprintf
d7fd3d40 T strict_strtoul
d7fd3ddc T inflate_fast
d7fd4380 T inflate_table
d7fd48c4 T inflateReset
d7fd4938 T inflateInit2_
d7fd4a54 T inflateEnd
d7fd4ac4 T adler32
d7fd4dc4 T zcfree
d7fd4dcc T zcalloc
d7fd4df0 T inflate
d7fd6408 t __fswab16
d7fd6420 t __fswab16
d7fd6438 t __fswab16
d7fd6450 t __fswab32
d7fd6478 t truncate_sz
d7fd64b8 t NetCopyLong
d7fd64c0 t NetCopyIP
d7fd64c8 t NetCopyIP
d7fd64d0 t DhcpOptionsProcess
d7fd66cc t NetWriteIP
d7fd66f0 t NetWriteIP
d7fd6714 t NetReadLong
d7fd673c t DhcpExtended
d7fd68d4 T BootpRequest
d7fd6aec T DhcpRequest
d7fd6af0 t DhcpHandler
d7fd6e5c t BootpTimeout
d7fd6eac t is_valid_ether_addr
d7fd6ef8 W cpu_eth_init
d7fd6ef8 t __def_eth_init
d7fd6f00 T eth_get_dev
d7fd6f10 T eth_get_dev_index
d7fd6f30 T eth_halt
d7fd6f74 T eth_send
d7fd6fa4 T eth_rx
d7fd6fc8 T eth_get_name
d7fd6fec t eth_current_changed
d7fd7068 T eth_set_current
d7fd7134 T eth_try_another
d7fd71d0 t bootstage_mark
d7fd71ec T eth_register
d7fd7280 T eth_get_dev_by_name
d7fd7318 T eth_parse_enetaddr
d7fd7390 T eth_getenv_enetaddr
d7fd73c4 T eth_getenv_enetaddr_by_index
d7fd7418 T eth_init
d7fd7504 T eth_write_hwaddr
d7fd762c T eth_initialize
d7fd7800 t startAgainTimeout
d7fd7814 t startAgainHandler
d7fd7818 T NetSetHandler
d7fd7828 t PingHandler
d7fd784c T NetCksum
d7fd7884 T NetCksumOk
d7fd78a8 T copy_filename
d7fd78f8 T string_to_VLAN
d7fd7948 T getenv_VLAN
d7fd796c T NetEthHdrSize
d7fd79b4 T ip_to_string
d7fd7a20 T NetSetEther
d7fd7b30 T NetSetIP
d7fd7c40 t NetReadIP
d7fd7c68 T NetSendPacket
d7fd7c6c T NetReceive
d7fd8208 T NetSetTimeout
d7fd8260 t PingTimeout
d7fd8288 T NetStartAgain
d7fd83bc T net_auto_load
d7fd8408 t getenv_IPaddr
d7fd8424 T ArpRequest
d7fd8568 T PingSend
d7fd8710 T NetSendUDPPacket
d7fd88c0 T ArpTimeoutCheck
d7fd8960 T NetLoop
d7fd8e2c t TftpSend
d7fd901c T TftpStart
d7fd9378 t TftpTimeout
d7fd9414 t TftpHandler
d7fd97e0 T board_eth_init
d7fd981c T checkboard
d7fd9848 T board_early_init_f
d7fd98a0 t __FUNCTION__.4001
d7fd98b4 t __FUNCTION__.4063
d7fd98c4 t __func__.3483
d7fd98d4 t __func__.3839
d7fd98e4 t __func__.3893
d7fd98f4 t boot_os
d7fd9940 t crc_table
d7fd9d40 T default_environment
d7fd9d54 t desc_and_len_tbl
d7fd9d84 t digits.3594
d7fd9d94 t erase_seq
d7fd9d98 t flash_offset_cfi
d7fd9da0 T hex_asc
d7fd9db4 t mon_lengths.3464
d7fd9e14 t phy_info
d7fd9e1c t reg_0_5_desc_tbl
d7fd9e4c t reg_0_desc_tbl
d7fd9ec4 t reg_1_desc_tbl
d7fd9f84 t reg_2_desc_tbl
d7fd9f90 t reg_3_desc_tbl
d7fd9fb4 t reg_4_desc_tbl
d7fda044 t reg_5_desc_tbl
d7fdee38 t tab_seq
d7fdee44 t uimage_arch
d7fdef40 t uimage_comp
d7fdef88 t uimage_os
d7fdefdc t uimage_type
d7fdf09c t year_lengths.3465
d7fdf0a4 t crc16_tab
d7fdf2a4 t dbase.3869
d7fdf2e4 t dext.3870
d7fdf324 t distfix
d7fdf3a4 t lbase.3867
d7fdf3e2 t lenfix
d7fdfbe2 t lext.3868
d7fdfc20 t order.4096
d7fdfc46 T _ctype
d7fdfd46 t day_name.3439
d7fdfd5b t mon_name.3440
d7fdfd7f t names.3415
d7fdfd88 A __u_boot_cmd_start
d7fdfd88 A _etext
d7fdfd88 D __u_boot_cmd_sysid
d7fdfda0 D __u_boot_cmd_bdinfo
d7fdfdb8 D __u_boot_cmd_go
d7fdfdd0 D __u_boot_cmd_reset
d7fdfde8 D __u_boot_cmd_bootm
d7fdfe00 D __u_boot_cmd_iminfo
d7fdfe18 D __u_boot_cmd_coninfo
d7fdfe30 D __u_boot_cmd_echo
d7fdfe48 D __u_boot_cmd_exit
d7fdfe60 D __u_boot_cmd_flinfo
d7fdfe78 D __u_boot_cmd_erase
d7fdfe90 D __u_boot_cmd_protect
d7fdfea8 D __u_boot_cmd_help
d7fdfec0 D __u_boot_cmd_question_mark
d7fdfed8 D __u_boot_cmd_loads
d7fdfef0 D __u_boot_cmd_loadb
d7fdff08 D __u_boot_cmd_loady
d7fdff20 D __u_boot_cmd_md
d7fdff38 D __u_boot_cmd_mm
d7fdff50 D __u_boot_cmd_nm
d7fdff68 D __u_boot_cmd_mw
d7fdff80 D __u_boot_cmd_cp
d7fdff98 D __u_boot_cmd_cmp
d7fdffb0 D __u_boot_cmd_crc32
d7fdffc8 D __u_boot_cmd_base
d7fdffe0 D __u_boot_cmd_loop
d7fdfff8 D __u_boot_cmd_mtest
d7fe0010 D __u_boot_cmd_mii
d7fe0028 D __u_boot_cmd_sleep
d7fe0040 D __u_boot_cmd_bootp
d7fe0058 D __u_boot_cmd_tftpboot
d7fe0070 D __u_boot_cmd_dhcp
d7fe0088 D __u_boot_cmd_ping
d7fe00a0 D __u_boot_cmd_env
d7fe00b8 D __u_boot_cmd_editenv
d7fe00d0 D __u_boot_cmd_printenv
d7fe00e8 D __u_boot_cmd_setenv
d7fe0100 D __u_boot_cmd_run
d7fe0118 D __u_boot_cmd_source
d7fe0130 D __u_boot_cmd_test
d7fe0148 D __u_boot_cmd_false
d7fe0160 D __u_boot_cmd_true
d7fe0178 D __u_boot_cmd_version
d7fe0190 D __u_boot_cmd_showvar
d7fe01a8 A __u_boot_cmd_end
d7fe01a8 A _data
d7fe01a8 D version_string
d7fe01e8 D init_sequence
d7fe0208 d cmd_bootm_sub
d7fe0298 d do_echo
d7fe029c d dp_last_length
d7fe02a0 D load_addr
d7fe02a4 d cmd_env_sub
d7fe0364 d env_id
d7fe0368 d trim_threshold
d7fe036c d av_
d7fe0774 d sbrk_base
d7fe0778 d reserved_list
d7fe07fc d hist_cur
d7fe0800 D stdio_names
d7fe080c D led_dev
d7fe081c d phy_info_generic
d7fe0834 d __compound_literal.3
d7fe0858 d __compound_literal.4
d7fe087c d __compound_literal.5
d7fe0888 d __compound_literal.0
d7fe08e8 d __compound_literal.1
d7fe0918 d __compound_literal.2
d7fe0924 d phy_info_M88E1111S
d7fe093c D NetBcastAddr
d7fe0942 D NetOurVLAN
d7fe0944 D NetOurNativeVLAN
d7fe0948 D TftpRRQTimeoutCountMax
d7fe094c d TftpBlkSizeOption
d7fe0950 d TftpTimeoutMSecs
d7fe0954 d TftpTimeoutCountMax
d7fe0958 d TftpBlkSize
d7fe0960 A __bss_start
d7fe0960 A _edata
d7fe0960 A _gp
d7fe0960 S save_addr
d7fe0964 S his_pad_char
d7fe0968 S env_ptr
d7fe096c S os_data_init
d7fe0970 S nesting_level
d7fe0974 S send_ptr
d7fe0978 S last_return_code
d7fe097c S os_data_char
d7fe0980 S save_size
d7fe0984 S his_eol
d7fe0985 S his_quote
d7fe0988 S his_pad_count
d7fe098c S NetDHCPServerIP
d7fe0990 S NetArpWaitTry
d7fe0994 S NetArpWaitPacketMAC
d7fe0998 S NetOurEther
d7fe09a0 S NetOurIP
d7fe09a4 S NetPingIP
d7fe09a8 S NetServerIP
d7fe09ac S NetArpWaitTxPacketSize
d7fe09b0 S NetArpWaitReplyIP
d7fe09b4 S NetArpWaitTxPacket
d7fe09b8 S NetArpWaitPacketIP
d7fe09bc S NetState
d7fe09c0 S BootpTry
d7fe09c4 S NetServerEther
d7fe09cc S NetOurSubnetMask
d7fe09d0 S NetBootFileSize
d7fe09d4 S NetIPID
d7fe09d8 S NetRxPacket
d7fe09dc S BootpID
d7fe09e0 S dhcp_leasetime
d7fe09e4 S NetOurGatewayIP
d7fe09e8 S NetEtherNullAddr
d7fe09f0 S NetRestartWrap
d7fe09f4 S NetTxPacket
d7fe09f8 S NetBootFileXferSize
d7fe09fc S NetOurDNSIP
d7fe0a00 S NetRxPacketLen
d7fe0a04 S NetArpWaitTimerStart
d7fe0a08 B timestamp
d7fe0a0c b vecs
d7fe0b8c b a_b
d7fe0ba4 b os_data_state
d7fe0ba8 b os_data_state_saved
d7fe0bac b os_data_addr
d7fe0bb0 b os_data_addr_saved
d7fe0bb4 b bin_start_address
d7fe0bb8 b k_data_escape
d7fe0bbc b k_data_escape_saved
d7fe0bc0 b base_address
d7fe0bc4 b dp_last_addr
d7fe0bc8 b dp_last_size
d7fe0bcc b mm_last_addr
d7fe0bd0 b mm_last_size
d7fe0bd4 b last_op
d7fe0bd8 b last_data
d7fe0bdc b last_addr_lo
d7fe0be0 b last_addr_hi
d7fe0be4 b last_reg_lo
d7fe0be8 b last_reg_hi
d7fe0bec b ctrlc_was_pressed
d7fe0bf0 b ctrlc_disabled
d7fe0bf4 B mem_malloc_start
d7fe0bf8 B mem_malloc_end
d7fe0bfc B mem_malloc_brk
d7fe0c00 b top_pad
d7fe0c04 b current_mallinfo
d7fe0c2c b max_sbrked_mem
d7fe0c30 b max_total_mem
d7fe0c34 b top_vars
d7fe0c38 b flag_repeat
d7fe0c3c b do_repeat
d7fe0c40 b the_command.3606
d7fe0d40 b buf.4051
d7fe0d68 b ifs
d7fe0d6c b map
d7fe0e6c B hist_num
d7fe0e70 b initted.3663
d7fe0e74 b hist_max
d7fe0e78 b hist_add_idx
d7fe0e7c b mii_devs
d7fe0e84 b current_mii
d7fe0e88 B stdio_devices
d7fe0e94 b devs
d7fe0ed0 b xyz
d7fe130c b pios
d7fe1330 b pio_num
d7fe1334 b gpios
d7fe1474 b pio_gpio_num
d7fe1478 b status_led_init_done
d7fe147c b saved_info.3942
d7fe1480 b saved_sector.3941
d7fe1484 B errno
d7fe1488 B dhcp_state
d7fe148c b env_changed_id.4156
d7fe1490 b act.4155
d7fe1494 b first_failed.4145
d7fe1498 b index.4056
d7fe149c b eth_devices
d7fe14a0 b eth_current
d7fe14a4 B NetOurNISDomain
d7fe14c4 B NetOurHostName
d7fe14e4 B NetOurRootPath
d7fe1524 b mac.4249
d7fe152c b env_changed_id.4098
d7fe1530 b NetRestarted
d7fe1534 b NetDevExists
d7fe1538 b packetHandler
d7fe153c b timeHandler
d7fe1540 b timeStart
d7fe1544 b timeDelta
d7fe1548 b NetTryCount
d7fe154c b PingSeqNo
d7fe1550 b TftpRemoteIP
d7fe1554 b TftpRemotePort
d7fe1558 b TftpOurPort
d7fe155c b TftpTimeoutCount
d7fe1560 b TftpBlock
d7fe1564 b TftpLastBlock
d7fe1568 b TftpBlockWrap
d7fe156c b TftpBlockWrapOffset
d7fe1570 b TftpState
d7fe1574 b default_filename
d7fe1581 b tftp_filename
d7fe1604 B console_buffer
d7fe1708 B hist_list
d7fe1758 B env_htab
d7fe1764 B hist_lines
d7fe2b78 B images
d7fe2c04 B send_parms
d7fe2c18 B flash_info
d7fe5490 B NetRxPackets
d7fe54a0 B BootFile
d7fe5520 B NetArpWaitPacketBuf
d7fe5b40 B PktBuf
d7fe7960 A __bss_end__
