Archive member included because of file (symbol)

libbb/lib.a(appletlib.o)      /home/developer/altera/nios2-linux/toolchain-mmu/x86-linux2/bin/../nios2-linux-gnu/libc/usr/lib/crt1.o (main)
libbb/lib.a(bb_basename.o)    libbb/lib.a(appletlib.o) (bb_basename)
libbb/lib.a(default_error_retval.o)
                              libbb/lib.a(appletlib.o) (xfunc_error_retval)
libbb/lib.a(get_last_path_component.o)
                              libbb/lib.a(appletlib.o) (bb_get_last_path_component_nostrip)
libbb/lib.a(last_char_is.o)   libbb/lib.a(get_last_path_component.o) (last_char_is)
libbb/lib.a(messages.o)       libbb/lib.a(appletlib.o) (bb_banner)
libbb/lib.a(ptr_to_globals.o)
                              libbb/lib.a(appletlib.o) (bb_errno)
libbb/lib.a(verror_msg.o)     libbb/lib.a(appletlib.o) (bb_error_msg_and_die)
libbb/lib.a(xfunc_die.o)      libbb/lib.a(appletlib.o) (xfunc_die)
libbb/lib.a(xfuncs.o)         libbb/lib.a(appletlib.o) (full_write2_str)
libbb/lib.a(xfuncs_printf.o)  libbb/lib.a(appletlib.o) (xsetuid)
libbb/lib.a(copyfd.o)         libbb/lib.a(xfuncs_printf.o) (bb_copyfd_eof)
libbb/lib.a(full_write.o)     libbb/lib.a(verror_msg.o) (full_write)
libbb/lib.a(perror_msg.o)     libbb/lib.a(xfuncs_printf.o) (bb_perror_msg)
libbb/lib.a(read.o)           libbb/lib.a(copyfd.o) (safe_read)
libbb/lib.a(safe_write.o)     libbb/lib.a(full_write.o) (safe_write)
libbb/lib.a(time.o)           libbb/lib.a(xfuncs_printf.o) (monotonic_us)
libbb/lib.a(bb_strtonum.o)    libbb/lib.a(time.o) (bb_strtol)
loginutils/lib.a(getty.o)     libbb/lib.a(appletlib.o) (getty_main)
loginutils/lib.a(passwd.o)    libbb/lib.a(appletlib.o) (passwd_main)
miscutils/lib.a(last.o)       libbb/lib.a(appletlib.o) (last_main)
miscutils/lib.a(time.o)       libbb/lib.a(appletlib.o) (time_main)
modutils/lib.a(insmod.o)      libbb/lib.a(appletlib.o) (insmod_main)
modutils/lib.a(lsmod.o)       libbb/lib.a(appletlib.o) (lsmod_main)
modutils/lib.a(modinfo.o)     libbb/lib.a(appletlib.o) (modinfo_main)
modutils/lib.a(modprobe.o)    libbb/lib.a(appletlib.o) (modprobe_main)
modutils/lib.a(modutils.o)    modutils/lib.a(insmod.o) (moderror)
modutils/lib.a(rmmod.o)       libbb/lib.a(appletlib.o) (rmmod_main)
networking/lib.a(ftpgetput.o)
                              libbb/lib.a(appletlib.o) (ftpgetput_main)
networking/lib.a(hostname.o)  libbb/lib.a(appletlib.o) (hostname_main)
networking/lib.a(ifconfig.o)  libbb/lib.a(appletlib.o) (ifconfig_main)
networking/lib.a(interface.o)
                              networking/lib.a(ifconfig.o) (display_interfaces)
networking/lib.a(nbd-client.o)
                              libbb/lib.a(appletlib.o) (nbdclient_main)
networking/lib.a(nc.o)        libbb/lib.a(appletlib.o) (nc_main)
networking/lib.a(netstat.o)   libbb/lib.a(appletlib.o) (netstat_main)
networking/lib.a(nslookup.o)  libbb/lib.a(appletlib.o) (nslookup_main)
networking/lib.a(ping.o)      libbb/lib.a(appletlib.o) (ping_main)
networking/lib.a(route.o)     networking/lib.a(netstat.o) (bb_displayroutes)
networking/lib.a(tftp.o)      libbb/lib.a(appletlib.o) (tftp_main)
networking/lib.a(traceroute.o)
                              libbb/lib.a(appletlib.o) (traceroute_main)
networking/lib.a(vconfig.o)   libbb/lib.a(appletlib.o) (vconfig_main)
networking/lib.a(wget.o)      libbb/lib.a(appletlib.o) (wget_main)
procps/lib.a(free.o)          libbb/lib.a(appletlib.o) (free_main)
procps/lib.a(iostat.o)        libbb/lib.a(appletlib.o) (iostat_main)
procps/lib.a(kill.o)          libbb/lib.a(appletlib.o) (kill_main)
procps/lib.a(mpstat.o)        libbb/lib.a(appletlib.o) (mpstat_main)
procps/lib.a(pidof.o)         libbb/lib.a(appletlib.o) (pidof_main)
procps/lib.a(pmap.o)          libbb/lib.a(appletlib.o) (pmap_main)
procps/lib.a(powertop.o)      libbb/lib.a(appletlib.o) (powertop_main)
procps/lib.a(ps.o)            libbb/lib.a(appletlib.o) (ps_main)
procps/lib.a(renice.o)        libbb/lib.a(appletlib.o) (renice_main)
procps/lib.a(smemcap.o)       libbb/lib.a(appletlib.o) (smemcap_main)
procps/lib.a(top.o)           libbb/lib.a(appletlib.o) (top_main)
procps/lib.a(uptime.o)        libbb/lib.a(appletlib.o) (uptime_main)
procps/lib.a(watch.o)         libbb/lib.a(appletlib.o) (watch_main)
shell/lib.a(hush.o)           libbb/lib.a(appletlib.o) (hush_main)
shell/lib.a(match.o)          shell/lib.a(hush.o) (scan_and_match)
shell/lib.a(math.o)           shell/lib.a(hush.o) (arith)
shell/lib.a(shell_common.o)   shell/lib.a(hush.o) (is_well_formed_var_name)
util-linux/lib.a(blockdev.o)  libbb/lib.a(appletlib.o) (blockdev_main)
util-linux/lib.a(dmesg.o)     libbb/lib.a(appletlib.o) (dmesg_main)
util-linux/lib.a(flock.o)     libbb/lib.a(appletlib.o) (flock_main)
util-linux/lib.a(getopt.o)    libbb/lib.a(appletlib.o) (getopt_main)
util-linux/lib.a(hexdump.o)   libbb/lib.a(appletlib.o) (hexdump_main)
util-linux/lib.a(hwclock.o)   libbb/lib.a(appletlib.o) (hwclock_main)
util-linux/lib.a(losetup.o)   libbb/lib.a(appletlib.o) (losetup_main)
[...]
Memory Configuration

Name             Origin             Length             Attributes
*default*        0x00000000         0xffffffff

Linker script and memory map

LOAD /home/developer/altera/nios2-linux/toolchain-mmu/x86-linux2/bin/../nios2-linux-gnu/libc/usr/lib/crt1.o
LOAD /home/developer/altera/nios2-linux/toolchain-mmu/x86-linux2/bin/../lib/gcc/nios2-linux-gnu/4.1.2/crti.o
LOAD /home/developer/altera/nios2-linux/toolchain-mmu/x86-linux2/bin/../lib/gcc/nios2-linux-gnu/4.1.2/crtbegin.o
START GROUP
LOAD applets/built-in.o
LOAD archival/lib.a
LOAD archival/libarchive/lib.a
LOAD console-tools/lib.a
LOAD coreutils/lib.a
LOAD coreutils/libcoreutils/lib.a
LOAD debianutils/lib.a
LOAD e2fsprogs/lib.a
LOAD editors/lib.a
LOAD findutils/lib.a
LOAD init/lib.a
LOAD libbb/lib.a
LOAD libpwdgrp/lib.a
LOAD loginutils/lib.a
LOAD mailutils/lib.a
LOAD miscutils/lib.a
LOAD modutils/lib.a
LOAD networking/lib.a
LOAD networking/libiproute/lib.a
LOAD networking/udhcp/lib.a
LOAD printutils/lib.a
LOAD procps/lib.a
LOAD runit/lib.a
LOAD selinux/lib.a
LOAD shell/lib.a
LOAD sysklogd/lib.a
LOAD util-linux/lib.a
LOAD util-linux/volume_id/lib.a
LOAD archival/built-in.o
LOAD archival/libarchive/built-in.o
LOAD console-tools/built-in.o
LOAD coreutils/built-in.o
LOAD coreutils/libcoreutils/built-in.o
LOAD debianutils/built-in.o
LOAD e2fsprogs/built-in.o
LOAD editors/built-in.o
LOAD findutils/built-in.o
LOAD init/built-in.o
LOAD libbb/built-in.o
LOAD libpwdgrp/built-in.o
LOAD loginutils/built-in.o
LOAD mailutils/built-in.o
LOAD miscutils/built-in.o
LOAD modutils/built-in.o
LOAD networking/built-in.o
LOAD networking/libiproute/built-in.o
LOAD networking/udhcp/built-in.o
LOAD printutils/built-in.o
LOAD procps/built-in.o
LOAD runit/built-in.o
LOAD selinux/built-in.o
LOAD shell/built-in.o
LOAD sysklogd/built-in.o
LOAD util-linux/built-in.o
LOAD util-linux/volume_id/built-in.o
END GROUP
LOAD /home/developer/altera/nios2-linux/toolchain-mmu/x86-linux2/bin/../lib/gcc/nios2-linux-gnu/4.1.2/libgcc.a
LOAD /home/developer/altera/nios2-linux/toolchain-mmu/x86-linux2/bin/../lib/gcc/nios2-linux-gnu/4.1.2/libgcc_eh.a
LOAD /home/developer/altera/nios2-linux/toolchain-mmu/x86-linux2/bin/../nios2-linux-gnu/libc/usr/lib/libc.so
START GROUP
LOAD /home/developer/altera/nios2-linux/toolchain-mmu/x86-linux2/bin/../nios2-linux-gnu/libc/lib/libc.so.6
LOAD /home/developer/altera/nios2-linux/toolchain-mmu/x86-linux2/bin/../nios2-linux-gnu/libc/usr/lib/libc_nonshared.a
LOAD /home/developer/altera/nios2-linux/toolchain-mmu/x86-linux2/bin/../nios2-linux-gnu/libc/lib/ld.so.1
END GROUP
LOAD /home/developer/altera/nios2-linux/toolchain-mmu/x86-linux2/bin/../lib/gcc/nios2-linux-gnu/4.1.2/libgcc.a
LOAD /home/developer/altera/nios2-linux/toolchain-mmu/x86-linux2/bin/../lib/gcc/nios2-linux-gnu/4.1.2/libgcc_eh.a
LOAD /home/developer/altera/nios2-linux/toolchain-mmu/x86-linux2/bin/../lib/gcc/nios2-linux-gnu/4.1.2/crtend.o
LOAD /home/developer/altera/nios2-linux/toolchain-mmu/x86-linux2/bin/../lib/gcc/nios2-linux-gnu/4.1.2/crtn.o
                0x00001000                PROVIDE (__executable_start, 0x1000)
                0x000010f4                . = (0x1000 + SIZEOF_HEADERS)

.interp         0x000010f4        0xd
 *(SORT(.interp))
 .interp        0x000010f4        0xd /home/developer/altera/nios2-linux/toolchain-mmu/x86-linux2/bin/../nios2-linux-gnu/libc/usr/lib/crt1.o

.hash           0x00001104      0x924
 *(SORT(.hash))
 .hash          0x00001104      0x924 /home/developer/altera/nios2-linux/toolchain-mmu/x86-linux2/bin/../nios2-linux-gnu/libc/usr/lib/crt1.o

.gnu.hash
 *(SORT(.gnu.hash))

.dynsym         0x00001a28     0x1400
 *(SORT(.dynsym))
 .dynsym        0x00001a28     0x1400 /home/developer/altera/nios2-linux/toolchain-mmu/x86-linux2/bin/../nios2-linux-gnu/libc/usr/lib/crt1.o

.dynstr         0x00002e28      0xa30
 *(SORT(.dynstr))
 .dynstr        0x00002e28      0xa30 /home/developer/altera/nios2-linux/toolchain-mmu/x86-linux2/bin/../nios2-linux-gnu/libc/usr/lib/crt1.o

.gnu.version    0x00003858      0x280
 *(SORT(.gnu.version))
 .gnu.version   0x00003858      0x280 /home/developer/altera/nios2-linux/toolchain-mmu/x86-linux2/bin/../nios2-linux-gnu/libc/usr/lib/crt1.o

.gnu.version_d  0x00003ad8        0x0
 *(SORT(.gnu.version_d))
 .gnu.version_d
                0x00000000        0x0 /home/developer/altera/nios2-linux/toolchain-mmu/x86-linux2/bin/../nios2-linux-gnu/libc/usr/lib/crt1.o

.gnu.version_r  0x00003ad8       0x20
 *(SORT(.gnu.version_r))
 .gnu.version_r
                0x00003ad8       0x20 /home/developer/altera/nios2-linux/toolchain-mmu/x86-linux2/bin/../nios2-linux-gnu/libc/usr/lib/crt1.o

.rel.dyn
 *(SORT(.rel.init))
 *(SORT(.rel.text) SORT(.rel.text.*) SORT(.rel.gnu.linkonce.t.*))
 *(SORT(.rel.fini))
 *(SORT(.rel.rodata) SORT(.rel.rodata.*) SORT(.rel.gnu.linkonce.r.*))
 *(SORT(.rel.data.rel.ro*) SORT(.rel.gnu.linkonce.d.rel.ro.*))
 *(SORT(.rel.data) SORT(.rel.data.*) SORT(.rel.gnu.linkonce.d.*))
 *(SORT(.rel.tdata) SORT(.rel.tdata.*) SORT(.rel.gnu.linkonce.td.*))
 *(SORT(.rel.tbss) SORT(.rel.tbss.*) SORT(.rel.gnu.linkonce.tb.*))
 *(SORT(.rel.ctors))
 *(SORT(.rel.dtors))
 *(SORT(.rel.got))
 *(SORT(.rel.sdata) SORT(.rel.sdata.*) SORT(.rel.gnu.linkonce.s.*))
 *(SORT(.rel.sbss) SORT(.rel.sbss.*) SORT(.rel.gnu.linkonce.sb.*))
 *(SORT(.rel.sdata2) SORT(.rel.sdata2.*) SORT(.rel.gnu.linkonce.s2.*))
 *(SORT(.rel.sbss2) SORT(.rel.sbss2.*) SORT(.rel.gnu.linkonce.sb2.*))
 *(SORT(.rel.bss) SORT(.rel.bss.*) SORT(.rel.gnu.linkonce.b.*))

.rela.dyn       0x00003af8       0x9c
 *(SORT(.rela.init))
 *(SORT(.rela.text) SORT(.rela.text.*) SORT(.rela.gnu.linkonce.t.*))
 *(SORT(.rela.fini))
 *(SORT(.rela.rodata) SORT(.rela.rodata.*) SORT(.rela.gnu.linkonce.r.*))
 *(SORT(.rela.data) SORT(.rela.data.*) SORT(.rela.gnu.linkonce.d.*))
 *(SORT(.rela.tdata) SORT(.rela.tdata.*) SORT(.rela.gnu.linkonce.td.*))
 *(SORT(.rela.tbss) SORT(.rela.tbss.*) SORT(.rela.gnu.linkonce.tb.*))
 *(SORT(.rela.ctors))
 *(SORT(.rela.dtors))
 *(SORT(.rela.got))
 .rela.got      0x00003af8       0x30 /home/developer/altera/nios2-linux/toolchain-mmu/x86-linux2/bin/../nios2-linux-gnu/libc/usr/lib/crt1.o
 *(SORT(.rela.sdata) SORT(.rela.sdata.*) SORT(.rela.gnu.linkonce.s.*))
 *(SORT(.rela.sbss) SORT(.rela.sbss.*) SORT(.rela.gnu.linkonce.sb.*))
 *(SORT(.rela.sdata2) SORT(.rela.sdata2.*) SORT(.rela.gnu.linkonce.s2.*))
 *(SORT(.rela.sbss2) SORT(.rela.sbss2.*) SORT(.rela.gnu.linkonce.sb2.*))
 *(SORT(.rela.bss) SORT(.rela.bss.*) SORT(.rela.gnu.linkonce.b.*))
 .rela.bss      0x00003b28       0x6c /home/developer/altera/nios2-linux/toolchain-mmu/x86-linux2/bin/../nios2-linux-gnu/libc/usr/lib/crt1.o

.rel.plt
 *(SORT(.rel.plt))

.rela.plt       0x00003b94      0xdec
 *(SORT(.rela.plt))
 .rela.plt      0x00003b94      0xdec /home/developer/altera/nios2-linux/toolchain-mmu/x86-linux2/bin/../nios2-linux-gnu/libc/usr/lib/crt1.o

.init           0x00004980       0x78
 *(SORT(.init))
 .init          0x00004980       0x40 /home/developer/altera/nios2-linux/toolchain-mmu/x86-linux2/bin/../lib/gcc/nios2-linux-gnu/4.1.2/crti.o
                0x00004980                _init
 .init          0x000049c0        0x4 /home/developer/altera/nios2-linux/toolchain-mmu/x86-linux2/bin/../lib/gcc/nios2-linux-gnu/4.1.2/crtbegin.o
 .init          0x000049c4        0x4 /home/developer/altera/nios2-linux/toolchain-mmu/x86-linux2/bin/../lib/gcc/nios2-linux-gnu/4.1.2/crtend.o
 .init          0x000049c8       0x30 /home/developer/altera/nios2-linux/toolchain-mmu/x86-linux2/bin/../lib/gcc/nios2-linux-gnu/4.1.2/crtn.o

.plt            0x00004a00     0x12ac
 *(SORT(.plt))
 .plt           0x00004a00     0x12ac /home/developer/altera/nios2-linux/toolchain-mmu/x86-linux2/bin/../nios2-linux-gnu/libc/usr/lib/crt1.o
                0x00004ec0                memcpy@@GLIBC_2.10
                0x00004ecc                getgid@@GLIBC_2.10
                0x00004ed8                tcsetpgrp@@GLIBC_2.10
                0x00004ee4                strftime@@GLIBC_2.10
                0x00004ef0                strdup@@GLIBC_2.10
                0x00004efc                recvfrom@@GLIBC_2.10
                0x00004f08                mkdtemp@@GLIBC_2.10
                0x00004f14                fclose@@GLIBC_2.10
                0x00004f20                ftello64@@GLIBC_2.10
                0x00004f2c                getpeername@@GLIBC_2.10
                0x00004f38                memchr@@GLIBC_2.10
                0x00004f44                symlink@@GLIBC_2.10
                0x00004f50                flock@@GLIBC_2.10
                0x00004f5c                strcasestr@@GLIBC_2.10
                0x00004f68                freopen64@@GLIBC_2.10
                0x00004f74                getpriority@@GLIBC_2.10
                0x00004f80                vfork@@GLIBC_2.10
                0x00004f8c                localtime_r@@GLIBC_2.10
                0x00004f98                sysconf@@GLIBC_2.10
                0x00004fa4                mkdir@@GLIBC_2.10
                0x00004fb0                __ledf2@@GLIBC_2.10
                0x00004fbc                strcmp@@GLIBC_2.10
                0x00004fc8                regcomp@@GLIBC_2.10
                0x00004fd4                utimes@@GLIBC_2.10
                0x00004fe0                setgid@@GLIBC_2.10
                0x00004fec                getmntent@@GLIBC_2.10
                0x00004ff8                umask@@GLIBC_2.10
                0x00005004                getppid@@GLIBC_2.10
                0x00005010                wait@@GLIBC_2.10
                0x0000501c                fchown@@GLIBC_2.10
                0x00005028                __extendsfdf2@@GLIBC_2.10
                0x00005034                mount@@GLIBC_2.10
                0x00005040                popen@@GLIBC_2.10
                0x0000504c                cfgetospeed@@GLIBC_2.10
                0x00005058                fscanf@@GLIBC_2.10
                0x00005064                syscall@@GLIBC_2.10
                0x00005070                fwrite@@GLIBC_2.10
                0x0000507c                dup@@GLIBC_2.10
                0x00005088                glob64@@GLIBC_2.10
                0x00005094                _IO_getc@@GLIBC_2.10
                0x000050a0                sigdelset@@GLIBC_2.10
                0x000050ac                setuid@@GLIBC_2.10
                0x000050b8                getpgrp@@GLIBC_2.10
                0x000050c4                fputc@@GLIBC_2.10
                0x000050d0                ungetc@@GLIBC_2.10
                0x000050dc                setsid@@GLIBC_2.10
                0x000050e8                connect@@GLIBC_2.10
                0x000050f4                usleep@@GLIBC_2.10
                0x00005100                strchr@@GLIBC_2.10
                0x0000510c                clnt_sperror@@GLIBC_2.10
                0x00005118                kill@@GLIBC_2.10
                0x00005124                __lxstat64@@GLIBC_2.10
                0x00005130                longjmp@@GLIBC_2.10
                0x0000513c                clearerr@@GLIBC_2.10
                0x00005148                cfsetospeed@@GLIBC_2.10
                0x00005154                rmdir@@GLIBC_2.10
                0x00005160                select@@GLIBC_2.10
                0x0000516c                mallopt@@GLIBC_2.10
                0x00005178                printf@@GLIBC_2.10
                0x00005184                mempcpy@@GLIBC_2.10
                0x00005190                stime@@GLIBC_2.10
                0x0000519c                strlen@@GLIBC_2.10
                0x000051a8                strcpy@@GLIBC_2.10
                0x000051b4                chroot@@GLIBC_2.10
                0x000051c0                chmod@@GLIBC_2.10
                0x000051cc                getaddrinfo@@GLIBC_2.10
                0x000051d8                fopen64@@GLIBC_2.10
                0x000051e4                pututline@@GLIBC_2.10
                0x000051f0                cfsetspeed@@GLIBC_2.10
                0x000051fc                fgetc@@GLIBC_2.10
                0x00005208                umount2@@GLIBC_2.10
                0x00005214                write@@GLIBC_2.10
                0x00005220                realpath@@GLIBC_2.10
                0x0000522c                strspn@@GLIBC_2.10
                0x00005238                inet_ntoa@@GLIBC_2.10
                0x00005244                __res_state@@GLIBC_2.10
                0x00005250                dprintf@@GLIBC_2.10
                0x0000525c                getnameinfo@@GLIBC_2.10
                0x00005268                _IO_putc@@GLIBC_2.10
                0x00005274                __subdf3@@GLIBC_2.10
                0x00005280                inet_addr@@GLIBC_2.10
                0x0000528c                putchar@@GLIBC_2.10
                0x00005298                __xmknod@@GLIBC_2.10
                0x000052a4                tcgetpgrp@@GLIBC_2.10
                0x000052b0                atof@@GLIBC_2.10
                0x000052bc                xdr_int@@GLIBC_2.10
                0x000052c8                unlink@@GLIBC_2.10
                0x000052d4                umount@@GLIBC_2.10
                0x000052e0                sigprocmask@@GLIBC_2.10
                0x000052ec                sigaction@@GLIBC_2.10
                0x000052f8                endmntent@@GLIBC_2.10
                0x00005304                klogctl@@GLIBC_2.10
                0x00005310                __floatsidf@@GLIBC_2.10
                0x0000531c                strcasecmp@@GLIBC_2.10
                0x00005328                __h_errno_location@@GLIBC_2.10
                0x00005334                getsockname@@GLIBC_2.10
                0x00005340                setpriority@@GLIBC_2.10
                0x0000534c                system@@GLIBC_2.10
                0x00005358                pmap_getmaps@@GLIBC_2.10
                0x00005364                freeaddrinfo@@GLIBC_2.10
                0x00005370                fchmod@@GLIBC_2.10
                0x0000537c                __libc_start_main@@GLIBC_2.10
                0x00005388                lchown@@GLIBC_2.10
                0x00005394                xdr_u_int@@GLIBC_2.10
                0x000053a0                shutdown@@GLIBC_2.10
                0x000053ac                hstrerror@@GLIBC_2.10
                0x000053b8                xdr_bytes@@GLIBC_2.10
                0x000053c4                globfree64@@GLIBC_2.10
                0x000053d0                strchrnul@@GLIBC_2.10
                0x000053dc                daemon@@GLIBC_2.10
                0x000053e8                bsearch@@GLIBC_2.10
                0x000053f4                mktime@@GLIBC_2.10
                0x00005400                chdir@@GLIBC_2.10
                0x0000540c                socket@@GLIBC_2.10
                0x00005418                __muldf3@@GLIBC_2.10
                0x00005424                chown@@GLIBC_2.10
                0x00005430                time@@GLIBC_2.10
                0x0000543c                __res_init@@GLIBC_2.10
                0x00005448                __eqdf2@@GLIBC_2.10
                0x00005454                strpbrk@@GLIBC_2.10
                0x00005460                exit@@GLIBC_2.10
                0x0000546c                getmntent_r@@GLIBC_2.10
                0x00005478                poll@@GLIBC_2.10
                0x00005484                readlink@@GLIBC_2.10
                0x00005490                lseek64@@GLIBC_2.10
                0x0000549c                strtod@@GLIBC_2.10
                0x000054a8                strncpy@@GLIBC_2.10
                0x000054b4                getegid@@GLIBC_2.10
                0x000054c0                setpgrp@@GLIBC_2.10
                0x000054cc                __gtdf2@@GLIBC_2.10
                0x000054d8                getutent@@GLIBC_2.10
                0x000054e4                strtoul@@GLIBC_2.10
                0x000054f0                sysinfo@@GLIBC_2.10
                0x000054fc                setvbuf@@GLIBC_2.10
                0x00005508                sigwaitinfo@@GLIBC_2.10
                0x00005514                malloc@@GLIBC_2.10
                0x00005520                mkstemp64@@GLIBC_2.10
                0x0000552c                vsprintf@@GLIBC_2.10
                0x00005538                __cmsg_nxthdr@@GLIBC_2.10
                0x00005544                xdr_opaque@@GLIBC_2.10
                0x00005550                gethostbyname@@GLIBC_2.10
                0x0000555c                isatty@@GLIBC_2.10
                0x00005568                sigemptyset@@GLIBC_2.10
                0x00005574                __sigsetjmp@@GLIBC_2.10
                0x00005580                strncmp@@GLIBC_2.10
                0x0000558c                xdr_string@@GLIBC_2.10
                0x00005598                tzset@@GLIBC_2.10
                0x000055a4                setbuf@@GLIBC_2.10
                0x000055b0                endutent@@GLIBC_2.10
                0x000055bc                vasprintf@@GLIBC_2.10
                0x000055c8                vsnprintf@@GLIBC_2.10
                0x000055d4                getgroups@@GLIBC_2.10
                0x000055e0                read@@GLIBC_2.10
                0x000055ec                memrchr@@GLIBC_2.10
                0x000055f8                dup2@@GLIBC_2.10
                0x00005604                fgets@@GLIBC_2.10
                0x00005610                __floatunsidf@@GLIBC_2.10
                0x0000561c                getrlimit64@@GLIBC_2.10
                0x00005628                execl@@GLIBC_2.10
                0x00005634                __fixdfsi@@GLIBC_2.10
                0x00005640                sigaddset@@GLIBC_2.10
                0x0000564c                sethostname@@GLIBC_2.10
                0x00005658                if_nametoindex@@GLIBC_2.10
                0x00005664                readdir64@@GLIBC_2.10
                0x00005670                __cxa_atexit@@GLIBC_2.10
                0x0000567c                sync@@GLIBC_2.10
                0x00005688                strstr@@GLIBC_2.10
                0x00005694                getopt_long_only@@GLIBC_2.10
                0x000056a0                execlp@@GLIBC_2.10
                0x000056ac                gettimeofday@@GLIBC_2.10
                0x000056b8                getchar@@GLIBC_2.10
                0x000056c4                setmntent@@GLIBC_2.10
                0x000056d0                putenv@@GLIBC_2.10
                0x000056dc                authunix_create_default@@GLIBC_2.10
                0x000056e8                strerror@@GLIBC_2.10
                0x000056f4                sleep@@GLIBC_2.10
                0x00005700                tcsetattr@@GLIBC_2.10
                0x0000570c                opendir@@GLIBC_2.10
                0x00005718                qsort@@GLIBC_2.10
                0x00005724                dirname@@GLIBC_2.10
                0x00005730                __gedf2@@GLIBC_2.10
                0x0000573c                strncat@@GLIBC_2.10
                0x00005748                unsetenv@@GLIBC_2.10
                0x00005754                free@@GLIBC_2.10
                0x00005760                access@@GLIBC_2.10
                0x0000576c                closedir@@GLIBC_2.10
                0x00005778                pclose@@GLIBC_2.10
                0x00005784                clntudp_create@@GLIBC_2.10
                0x00005790                close@@GLIBC_2.10
                0x0000579c                fnmatch@@GLIBC_2.10
                0x000057a8                __fxstat64@@GLIBC_2.10
                0x000057b4                puts@@GLIBC_2.10
                0x000057c0                getuid@@GLIBC_2.10
                0x000057cc                gmtime_r@@GLIBC_2.10
                0x000057d8                sprintf@@GLIBC_2.10
                0x000057e4                memmove@@GLIBC_2.10
                0x000057f0                bind@@GLIBC_2.10
                0x000057fc                strtoull@@GLIBC_2.10
                0x00005808                recvmsg@@GLIBC_2.10
                0x00005814                cfgetispeed@@GLIBC_2.10
                0x00005820                fputs@@GLIBC_2.10
                0x0000582c                pmap_getport@@GLIBC_2.10
                0x00005838                ferror@@GLIBC_2.10
                0x00005844                setrlimit64@@GLIBC_2.10
                0x00005850                memset@@GLIBC_2.10
                0x0000585c                abort@@GLIBC_2.10
                0x00005868                uname@@GLIBC_2.10
                0x00005874                fflush@@GLIBC_2.10
                0x00005880                syslog@@GLIBC_2.10
                0x0000588c                xdr_enum@@GLIBC_2.10
                0x00005898                strtol@@GLIBC_2.10
                0x000058a4                getservbyport@@GLIBC_2.10
                0x000058b0                srand@@GLIBC_2.10
                0x000058bc                fileno@@GLIBC_2.10
                0x000058c8                clearenv@@GLIBC_2.10
                0x000058d4                __adddf3@@GLIBC_2.10
                0x000058e0                realloc@@GLIBC_2.10
                0x000058ec                __errno_location@@GLIBC_2.10
                0x000058f8                fork@@GLIBC_2.10
                0x00005904                open64@@GLIBC_2.10
                0x00005910                getopt_long@@GLIBC_2.10
                0x0000591c                gethostbyaddr@@GLIBC_2.10
                0x00005928                fdopen@@GLIBC_2.10
                0x00005934                clnttcp_create@@GLIBC_2.10
                0x00005940                regexec@@GLIBC_2.10
                0x0000594c                strtoll@@GLIBC_2.10
                0x00005958                waitpid@@GLIBC_2.10
                0x00005964                regfree@@GLIBC_2.10
                0x00005970                pause@@GLIBC_2.10
                0x0000597c                signal@@GLIBC_2.10
                0x00005988                statfs64@@GLIBC_2.10
                0x00005994                updwtmp@@GLIBC_2.10
                0x000059a0                strcspn@@GLIBC_2.10
                0x000059ac                memcmp@@GLIBC_2.10
                0x000059b8                link@@GLIBC_2.10
                0x000059c4                tcflush@@GLIBC_2.10
                0x000059d0                malloc_trim@@GLIBC_2.10
                0x000059dc                siglongjmp@@GLIBC_2.10
                0x000059e8                pipe@@GLIBC_2.10
                0x000059f4                ctime@@GLIBC_2.10
                0x00005a00                __xstat64@@GLIBC_2.10
                0x00005a0c                getcwd@@GLIBC_2.10
                0x00005a18                localtime@@GLIBC_2.10
                0x00005a24                regerror@@GLIBC_2.10
                0x00005a30                sscanf@@GLIBC_2.10
                0x00005a3c                sendto@@GLIBC_2.10
                0x00005a48                __divdf3@@GLIBC_2.10
                0x00005a54                feof@@GLIBC_2.10
                0x00005a60                xdr_array@@GLIBC_2.10
                0x00005a6c                sigfillset@@GLIBC_2.10
                0x00005a78                fprintf@@GLIBC_2.10
                0x00005a84                settimeofday@@GLIBC_2.10
                0x00005a90                getlogin_r@@GLIBC_2.10
                0x00005a9c                getopt@@GLIBC_2.10
                0x00005aa8                fread@@GLIBC_2.10
                0x00005ab4                bindresvport@@GLIBC_2.10
                0x00005ac0                rand@@GLIBC_2.10
                0x00005acc                fseek@@GLIBC_2.10
                0x00005ad8                strtok@@GLIBC_2.10
                0x00005ae4                alarm@@GLIBC_2.10
                0x00005af0                strsep@@GLIBC_2.10
                0x00005afc                __floatundidf@@GLIBC_2.10
                0x00005b08                __nedf2@@GLIBC_2.10
                0x00005b14                setutent@@GLIBC_2.10
                0x00005b20                rename@@GLIBC_2.10
                0x00005b2c                setenv@@GLIBC_2.10
                0x00005b38                setsockopt@@GLIBC_2.10
                0x00005b44                geteuid@@GLIBC_2.10
                0x00005b50                strrchr@@GLIBC_2.10
                0x00005b5c                inet_aton@@GLIBC_2.10
                0x00005b68                ttyname_r@@GLIBC_2.10
                0x00005b74                getservbyname@@GLIBC_2.10
                0x00005b80                _setjmp@@GLIBC_2.10
                0x00005b8c                execvp@@GLIBC_2.10
                0x00005b98                strncasecmp@@GLIBC_2.10
                0x00005ba4                getpid@@GLIBC_2.10
                0x00005bb0                cfsetispeed@@GLIBC_2.10
                0x00005bbc                atoi@@GLIBC_2.10
                0x00005bc8                mkfifo@@GLIBC_2.10
                0x00005bd4                getpagesize@@GLIBC_2.10
                0x00005be0                fseeko64@@GLIBC_2.10
                0x00005bec                tcgetattr@@GLIBC_2.10
                0x00005bf8                ioctl@@GLIBC_2.10
                0x00005c04                openlog@@GLIBC_2.10
                0x00005c10                ftruncate64@@GLIBC_2.10
                0x00005c1c                wait3@@GLIBC_2.10
                0x00005c28                __fixunsdfsi@@GLIBC_2.10
                0x00005c34                sigtimedwait@@GLIBC_2.10
                0x00005c40                snprintf@@GLIBC_2.10
                0x00005c4c                strcat@@GLIBC_2.10
                0x00005c58                _exit@@GLIBC_2.10
                0x00005c64                getenv@@GLIBC_2.10
                0x00005c70                fsync@@GLIBC_2.10
                0x00005c7c                setpgid@@GLIBC_2.10
                0x00005c88                fcntl@@GLIBC_2.10
                0x00005c94                raise@@GLIBC_2.10
                0x00005ca0                clnt_spcreateerror@@GLIBC_2.10

.text           0x00005cac    0x4e930
 *(SORT(.text) SORT(.stub) SORT(.text.*) SORT(.gnu.linkonce.t.*))
 .text          0x00005cac       0x54 /home/developer/altera/nios2-linux/toolchain-mmu/x86-linux2/bin/../nios2-linux-gnu/libc/usr/lib/crt1.o
                0x00005cac                _start
 .text          0x00005d00       0x8c /home/developer/altera/nios2-linux/toolchain-mmu/x86-linux2/bin/../lib/gcc/nios2-linux-gnu/4.1.2/crtbegin.o
 .text.applet_name_compare
                0x00005d8c       0x2c libbb/lib.a(appletlib.o)
 .text.lbb_prepare
                0x00005db8       0x34 libbb/lib.a(appletlib.o)
                0x00005db8                lbb_prepare
 .text.find_applet_by_name
                0x00005dec       0x50 libbb/lib.a(appletlib.o)
                0x00005dec                find_applet_by_name
 .text.bb_show_usage
                0x00005e3c       0xe8 libbb/lib.a(appletlib.o)
                0x00005e3c                bb_show_usage
 .text.run_applet_no_and_exit
                0x00005f24      0x11c libbb/lib.a(appletlib.o)
                0x00005f24                run_applet_no_and_exit
 .text.run_applet_and_exit
                0x00006040      0x1e8 libbb/lib.a(appletlib.o)
                0x00006040                run_applet_and_exit
 .text.main     0x00006228       0x88 libbb/lib.a(appletlib.o)
                0x00006228                main
 .text.bb_basename
                0x000062b0       0x34 libbb/lib.a(bb_basename.o)
                0x000062b0                bb_basename
 .text.bb_get_last_path_component_nostrip
                0x000062e4       0x48 libbb/lib.a(get_last_path_component.o)
                0x000062e4                bb_get_last_path_component_nostrip
 .text.bb_get_last_path_component_strip
                0x0000632c       0x54 libbb/lib.a(get_last_path_component.o)
                0x0000632c                bb_get_last_path_component_strip
 .text.last_char_is
                0x00006380       0x50 libbb/lib.a(last_char_is.o)
                0x00006380                last_char_is
 .text.bb_verror_msg
                0x000063d0      0x1cc libbb/lib.a(verror_msg.o)
                0x000063d0                bb_verror_msg
 .text.bb_error_msg
                0x0000659c       0x34 libbb/lib.a(verror_msg.o)
                0x0000659c                bb_error_msg
 .text.bb_error_msg_and_die
                0x000065d0       0x2c libbb/lib.a(verror_msg.o)
                0x000065d0                bb_error_msg_and_die
 .text.xfunc_die
                0x000065fc       0x48 libbb/lib.a(xfunc_die.o)
                0x000065fc                xfunc_die
 .text.utoa_to_buf
                0x00006644       0xd4 libbb/lib.a(xfuncs.o)
                0x00006644                utoa_to_buf
 .text.itoa_to_buf
                0x00006718       0x28 libbb/lib.a(xfuncs.o)
                0x00006718                itoa_to_buf
 .text.utoa     0x00006740       0x38 libbb/lib.a(xfuncs.o)
                0x00006740                utoa
 .text.itoa     0x00006778       0x38 libbb/lib.a(xfuncs.o)
                0x00006778                itoa
 .text.bin2hex  0x000067b0       0x5c libbb/lib.a(xfuncs.o)
                0x000067b0                bin2hex
 .text.safe_waitpid
                0x0000680c       0x70 libbb/lib.a(xfuncs.o)
                0x0000680c                safe_waitpid
 .text.wait4pid
                0x0000687c       0x6c libbb/lib.a(xfuncs.o)
                0x0000687c                wait4pid
 .text.tcsetattr_stdin_TCSANOW
                0x000068e8       0x10 libbb/lib.a(xfuncs.o)
                0x000068e8                tcsetattr_stdin_TCSANOW
 .text.wh_helper
                0x000068f8       0x64 libbb/lib.a(xfuncs.o)
 .text.get_terminal_width_height
                0x0000695c       0x98 libbb/lib.a(xfuncs.o)
                0x0000695c                get_terminal_width_height
 .text.full_write2_str
                0x000069f4       0x30 libbb/lib.a(xfuncs.o)
                0x000069f4                full_write2_str
 .text.full_write1_str
                0x00006a24       0x30 libbb/lib.a(xfuncs.o)
                0x00006a24                full_write1_str
 .text.bb_putchar_stderr
                0x00006a54       0x28 libbb/lib.a(xfuncs.o)
                0x00006a54                bb_putchar_stderr
 .text.strncpy_IFNAMSIZ
                0x00006a7c        0x8 libbb/lib.a(xfuncs.o)
                0x00006a7c                strncpy_IFNAMSIZ
 .text.close_on_exec_on
                0x00006a84        0xc libbb/lib.a(xfuncs.o)
                0x00006a84                close_on_exec_on
 .text.ndelay_off
                0x00006a90       0x38 libbb/lib.a(xfuncs.o)
                0x00006a90                ndelay_off
 .text.ndelay_on
                0x00006ac8       0x34 libbb/lib.a(xfuncs.o)
                0x00006ac8                ndelay_on
 .text.xfork    0x00006afc       0x28 libbb/lib.a(xfuncs_printf.o)
                0x00006afc                xfork
 .text.xopen3   0x00006b24       0x38 libbb/lib.a(xfuncs_printf.o)
                0x00006b24                xopen3
 .text.xopen    0x00006b5c        0x8 libbb/lib.a(xfuncs_printf.o)
                0x00006b5c                xopen
 .text.xopen_nonblocking
                0x00006b64        0x8 libbb/lib.a(xfuncs_printf.o)
                0x00006b64                xopen_nonblocking
 .text.xclose   0x00006b6c       0x28 libbb/lib.a(xfuncs_printf.o)
                0x00006b6c                xclose
 .text.bb_xioctl
                0x00006b94       0x30 libbb/lib.a(xfuncs_printf.o)
                0x00006b94                bb_xioctl
 .text.bb_ioctl_or_warn
                0x00006bc4       0x40 libbb/lib.a(xfuncs_printf.o)
                0x00006bc4                bb_ioctl_or_warn
 .text.ioctl_or_perror_and_die
                0x00006c04       0x64 libbb/lib.a(xfuncs_printf.o)
                0x00006c04                ioctl_or_perror_and_die
 .text.xfstat   0x00006c68       0x40 libbb/lib.a(xfuncs_printf.o)
                0x00006c68                xfstat
 .text.xstat    0x00006ca8       0x44 libbb/lib.a(xfuncs_printf.o)
                0x00006ca8                xstat
 .text.xsendto  0x00006cec       0x38 libbb/lib.a(xfuncs_printf.o)
                0x00006cec                xsendto
 .text.xbind    0x00006d24       0x28 libbb/lib.a(xfuncs_printf.o)
                0x00006d24                xbind
 .text.xsocket  0x00006d4c       0x28 libbb/lib.a(xfuncs_printf.o)
                0x00006d4c                xsocket
 .text.xopendir
                0x00006d74       0x38 libbb/lib.a(xfuncs_printf.o)
                0x00006d74                xopendir
 .text.warn_opendir
                0x00006dac       0x48 libbb/lib.a(xfuncs_printf.o)
                0x00006dac                warn_opendir
 .text.open3_or_warn
                0x00006df4       0x48 libbb/lib.a(xfuncs_printf.o)
                0x00006df4                open3_or_warn
 .text.open_or_warn
                0x00006e3c        0x8 libbb/lib.a(xfuncs_printf.o)
                0x00006e3c                open_or_warn
 .text.xchroot  0x00006e44       0x38 libbb/lib.a(xfuncs_printf.o)
                0x00006e44                xchroot
 .text.xchdir   0x00006e7c       0x38 libbb/lib.a(xfuncs_printf.o)
                0x00006e7c                xchdir
 .text.xsetuid  0x00006eb4       0x28 libbb/lib.a(xfuncs_printf.o)
                0x00006eb4                xsetuid
 .text.xsetgid  0x00006edc       0x28 libbb/lib.a(xfuncs_printf.o)
                0x00006edc                xsetgid
 .text.xsetenv  0x00006f04       0x2c libbb/lib.a(xfuncs_printf.o)
                0x00006f04                xsetenv
 .text.xasprintf
                0x00006f30       0x4c libbb/lib.a(xfuncs_printf.o)
                0x00006f30                xasprintf
 .text.bb_putchar
                0x00006f7c        0x4 libbb/lib.a(xfuncs_printf.o)
                0x00006f7c                bb_putchar
 .text.fflush_all
                0x00006f80        0x8 libbb/lib.a(xfuncs_printf.o)
                0x00006f80                fflush_all
 .text.xprint_and_close_file
                0x00006f88       0x50 libbb/lib.a(xfuncs_printf.o)
                0x00006f88                xprint_and_close_file
 .text.die_if_ferror
                0x00006fd8       0x38 libbb/lib.a(xfuncs_printf.o)
                0x00006fd8                die_if_ferror
 .text.die_if_ferror_stdout
                0x00007010       0x18 libbb/lib.a(xfuncs_printf.o)
                0x00007010                die_if_ferror_stdout
 .text.xmkstemp
                0x00007028       0x38 libbb/lib.a(xfuncs_printf.o)
                0x00007028                xmkstemp
 .text.xlseek   0x00007060       0x7c libbb/lib.a(xfuncs_printf.o)
                0x00007060                xlseek
 .text.xwrite   0x000070dc       0x38 libbb/lib.a(xfuncs_printf.o)
                0x000070dc                xwrite
 .text.xdup2    0x00007114       0x34 libbb/lib.a(xfuncs_printf.o)
                0x00007114                xdup2
 .text.xmove_fd
                0x00007148       0x3c libbb/lib.a(xfuncs_printf.o)
                0x00007148                xmove_fd
 .text.xpipe    0x00007184       0x28 libbb/lib.a(xfuncs_printf.o)
                0x00007184                xpipe
 .text.xrename  0x000071ac       0x48 libbb/lib.a(xfuncs_printf.o)
                0x000071ac                xrename
 .text.xunlink  0x000071f4       0x38 libbb/lib.a(xfuncs_printf.o)
                0x000071f4                xunlink
 .text.xfopen   0x0000722c       0x38 libbb/lib.a(xfuncs_printf.o)
                0x0000722c                xfopen
 .text.xstrdup  0x00007264       0x30 libbb/lib.a(xfuncs_printf.o)
                0x00007264                xstrdup
 .text.xrealloc
                0x00007294       0x38 libbb/lib.a(xfuncs_printf.o)
                0x00007294                xrealloc
 .text.xmalloc  0x000072cc       0x38 libbb/lib.a(xfuncs_printf.o)
                0x000072cc                xmalloc
 .text.xstrndup
                0x00007304       0x68 libbb/lib.a(xfuncs_printf.o)
                0x00007304                xstrndup
 .text.bb_unsetenv
                0x0000736c       0x58 libbb/lib.a(xfuncs_printf.o)
                0x0000736c                bb_unsetenv
 .text.xzalloc  0x000073c4       0x44 libbb/lib.a(xfuncs_printf.o)
                0x000073c4                xzalloc
 .text.xmalloc_ttyname
                0x00007408       0x58 libbb/lib.a(xfuncs_printf.o)
                0x00007408                xmalloc_ttyname
 .text.malloc_or_warn
                0x00007460       0x48 libbb/lib.a(xfuncs_printf.o)
                0x00007460                malloc_or_warn
 .text.bb_full_fd_action
                0x000074a8      0x184 libbb/lib.a(copyfd.o)
 .text.bb_copyfd_eof
                0x0000762c        0xc libbb/lib.a(copyfd.o)
                0x0000762c                bb_copyfd_eof
 .text.bb_copyfd_size
                0x00007638       0x20 libbb/lib.a(copyfd.o)
                0x00007638                bb_copyfd_size
 .text.bb_copyfd_exact_size
                0x00007658       0x90 libbb/lib.a(copyfd.o)
                0x00007658                bb_copyfd_exact_size
 .text.full_write
                0x000076e8       0x7c libbb/lib.a(full_write.o)
                0x000076e8                full_write
 .text.bb_perror_msg
                0x00007764       0x70 libbb/lib.a(perror_msg.o)
                0x00007764                bb_perror_msg
 .text.bb_simple_perror_msg
                0x000077d4       0x10 libbb/lib.a(perror_msg.o)
                0x000077d4                bb_simple_perror_msg
 .text.bb_perror_msg_and_die
                0x000077e4       0x60 libbb/lib.a(perror_msg.o)
                0x000077e4                bb_perror_msg_and_die
 .text.bb_simple_perror_msg_and_die
                0x00007844       0x18 libbb/lib.a(perror_msg.o)
                0x00007844                bb_simple_perror_msg_and_die
 .text.safe_read
                0x0000785c       0x6c libbb/lib.a(read.o)
                0x0000785c                safe_read
 .text.full_read
                0x000078c8       0x80 libbb/lib.a(read.o)
                0x000078c8                full_read
 .text.read_close
                0x00007948       0x3c libbb/lib.a(read.o)
                0x00007948                read_close
 .text.open_read_close
                0x00007984       0x58 libbb/lib.a(read.o)
                0x00007984                open_read_close
 .text.safe_write
                0x000079dc       0x6c libbb/lib.a(safe_write.o)
                0x000079dc                safe_write
 .text.get_mono
                0x00007a48       0x34 libbb/lib.a(time.o)
 .text.monotonic_sec
                0x00007a7c       0x20 libbb/lib.a(time.o)
                0x00007a7c                monotonic_sec
 .text.monotonic_ms
                0x00007a9c       0x7c libbb/lib.a(time.o)
                0x00007a9c                monotonic_ms
 .text.monotonic_us
                0x00007b18       0x7c libbb/lib.a(time.o)
                0x00007b18                monotonic_us
 .text.validate_tm_time
                0x00007b94       0x40 libbb/lib.a(time.o)
                0x00007b94                validate_tm_time
 .text.parse_datestr
                0x00007bd4      0x3e0 libbb/lib.a(time.o)
                0x00007bd4                parse_datestr
 .text.ret_ERANGE
                0x00007fb4       0x24 libbb/lib.a(bb_strtonum.o)
 .text.handle_errors
                0x00007fd8       0x64 libbb/lib.a(bb_strtonum.o)
 .text.bb_strtol
                0x0000803c       0x98 libbb/lib.a(bb_strtonum.o)
                0x0000803c                bb_strtol
 .text.bb_strtoull
                0x000080d4       0x80 libbb/lib.a(bb_strtonum.o)
                0x000080d4                bb_strtoull
 .text.bb_strtoll
                0x00008154       0x94 libbb/lib.a(bb_strtonum.o)
                0x00008154                bb_strtoll
 .text.bb_strtoul
                0x000081e8       0x84 libbb/lib.a(bb_strtonum.o)
                0x000081e8                bb_strtoul
 .text.bcode    0x0000826c       0x34 loginutils/lib.a(getty.o)
 .text.getty_main
                0x000082a0      0x8fc loginutils/lib.a(getty.o)
                0x000082a0                getty_main
 .text.nuke_str
                0x00008b9c       0x44 loginutils/lib.a(passwd.o)
 .text.passwd_main
                0x00008be0      0x420 loginutils/lib.a(passwd.o)
                0x00008be0                passwd_main
 .text.last_main
                0x00009000      0x25c miscutils/lib.a(last.o)
                0x00009000                last_main
 .text.ptok     0x0000925c       0x54 miscutils/lib.a(time.o)
 .text.run_command
                0x000092b0      0x118 miscutils/lib.a(time.o)
 .text.time_main
                0x000093c8      0x65c miscutils/lib.a(time.o)
                0x000093c8                time_main
 .text.insmod_main
                0x00009a24       0x6c modutils/lib.a(insmod.o)
                0x00009a24                insmod_main
 .text.lsmod_main
                0x00009a90       0x34 modutils/lib.a(lsmod.o)
                0x00009a90                lsmod_main
 .text.display  0x00009ac4       0x80 modutils/lib.a(modinfo.o)
 .text.modinfo  0x00009b44      0x1d0 modutils/lib.a(modinfo.o)
 .text.modinfo_main
                0x00009d14      0x17c modutils/lib.a(modinfo.o)
                0x00009d14                modinfo_main
 .text.humanly_readable_name
                0x00009e90       0x10 modutils/lib.a(modprobe.o)
 .text.read_config
                0x00009ea0       0x34 modutils/lib.a(modprobe.o)
 .text.gather_options_str
                0x00009ed4       0x94 modutils/lib.a(modprobe.o)
 .text.helper_get_module
                0x00009f68       0x9c modutils/lib.a(modprobe.o)
 .text.load_modules_dep
                0x0000a004      0x124 modutils/lib.a(modprobe.o)
 .text.get_or_add_modentry
                0x0000a128        0x8 modutils/lib.a(modprobe.o)
 .text.config_file_action
                0x0000a130      0x1c0 modutils/lib.a(modprobe.o)
 .text.add_probe
                0x0000a2f0       0xa8 modutils/lib.a(modprobe.o)
 .text.do_modprobe
                0x0000a398      0x2bc modutils/lib.a(modprobe.o)
 .text.modprobe_main
                0x0000a654      0x2f8 modutils/lib.a(modprobe.o)
                0x0000a654                modprobe_main
 .text.moderror
                0x0000a94c       0x7c modutils/lib.a(modutils.o)
                0x0000a94c                moderror
 .text.bb_delete_module
                0x0000a9c8       0x40 modutils/lib.a(modutils.o)
                0x0000a9c8                bb_delete_module
 .text.bb_init_module
                0x0000aa08       0xa0 modutils/lib.a(modutils.o)
                0x0000aa08                bb_init_module
 .text.parse_cmdline_module_options
                0x0000aaa8       0xac modutils/lib.a(modutils.o)
                0x0000aaa8                parse_cmdline_module_options
 .text.filename2modname
                0x0000ab54       0xa0 modutils/lib.a(modutils.o)
                0x0000ab54                filename2modname
 .text.string_to_llist
                0x0000abf4       0x88 modutils/lib.a(modutils.o)
                0x0000abf4                string_to_llist
 .text.rmmod_main
                0x0000ac7c      0x118 modutils/lib.a(rmmod.o)
                0x0000ac7c                rmmod_main
 .text.ftp_die  0x0000ad94       0x64 networking/lib.a(ftpgetput.o)
 .text.ftpcmd   0x0000adf8       0xf4 networking/lib.a(ftpgetput.o)
 .text.ftpgetput_main
                0x0000aeec      0x1fc networking/lib.a(ftpgetput.o)
                0x0000aeec                ftpgetput_main
 .text.xconnect_ftpdata
                0x0000b0e8       0xdc networking/lib.a(ftpgetput.o)
 .text.pump_data_and_QUIT
                0x0000b1c4       0x88 networking/lib.a(ftpgetput.o)
 .text.ftp_send
                0x0000b24c       0xa0 networking/lib.a(ftpgetput.o)
 .text.ftp_receive
                0x0000b2ec      0x188 networking/lib.a(ftpgetput.o)
 .text.do_sethostname
                0x0000b474       0x90 networking/lib.a(hostname.o)
 .text.hostname_main
                0x0000b504      0x194 networking/lib.a(hostname.o)
                0x0000b504                hostname_main
 .text.ifconfig_main
                0x0000b698      0x444 networking/lib.a(ifconfig.o)
                0x0000b698                ifconfig_main
 .text.get_afntype
                0x0000badc       0x28 networking/lib.a(interface.o)
 .text.hexchar2int
                0x0000bb04       0x38 networking/lib.a(interface.o)
 .text.ether_input
                0x0000bb3c       0xf4 networking/lib.a(interface.o)
 .text.get_hwntype
                0x0000bc30       0x28 networking/lib.a(interface.o)
                0x0000bc30                get_hwntype
 .text.add_interface
                0x0000bc58       0xc0 networking/lib.a(interface.o)
 .text.if_readconf
                0x0000bd18       0xe4 networking/lib.a(interface.o)
 .text.if_readlist_proc
                0x0000bdfc      0x2d8 networking/lib.a(interface.o)
 .text.do_if_fetch
                0x0000c0d4      0x314 networking/lib.a(interface.o)
 .text.print_bytes_scaled
                0x0000c3e8       0xa4 networking/lib.a(interface.o)
 .text.ife_print
                0x0000c48c      0x4a0 networking/lib.a(interface.o)
 .text.display_interfaces
                0x0000c92c       0xcc networking/lib.a(interface.o)
                0x0000c92c                display_interfaces
 .text.UNSPEC_print
                0x0000c9f8       0x88 networking/lib.a(interface.o)
 .text.UNSPEC_sprint
                0x0000ca80       0x28 networking/lib.a(interface.o)
 .text.INET_input
                0x0000caa8        0x8 networking/lib.a(interface.o)
 .text.INET_sprint
                0x0000cab0       0x6c networking/lib.a(interface.o)
 .text.ether_print
                0x0000cb1c       0x5c networking/lib.a(interface.o)
 .text.nbdclient_main
                0x0000cb78      0x268 networking/lib.a(nbd-client.o)
                0x0000cb78                nbdclient_main
 .text.nc_main  0x0000cde0      0x18c networking/lib.a(nc.o)
                0x0000cde0                nc_main
 .text.do_info  0x0000cf6c       0xc4 networking/lib.a(netstat.o)
 .text.netstat_main
                0x0000d030      0x248 networking/lib.a(netstat.o)
                0x0000d030                netstat_main
 .text.build_ipv4_addr
                0x0000d278       0x38 networking/lib.a(netstat.o)
 .text.unix_do_one
                0x0000d2b0      0x300 networking/lib.a(netstat.o)
 .text.scan_inet_proc_line
                0x0000d5b0       0xbc networking/lib.a(netstat.o)
 .text.ip_port_str
                0x0000d66c       0xc8 networking/lib.a(netstat.o)
 .text.print_inet_line
                0x0000d734      0x10c networking/lib.a(netstat.o)
 .text.raw_do_one
                0x0000d840       0x5c networking/lib.a(netstat.o)
 .text.udp_do_one
                0x0000d89c       0x8c networking/lib.a(netstat.o)
 .text.tcp_do_one
                0x0000d928       0x7c networking/lib.a(netstat.o)
 .text.print_host
                0x0000d9a4      0x120 networking/lib.a(nslookup.o)
 .text.nslookup_main
                0x0000dac4       0xbc networking/lib.a(nslookup.o)
                0x0000dac4                nslookup_main
 .text.sendping4
                0x0000db80      0x1cc networking/lib.a(ping.o)
 .text.print_stats_and_exit
                0x0000dd4c      0x18c networking/lib.a(ping.o)
 .text.ping_main
                0x0000ded8      0x5e0 networking/lib.a(ping.o)
                0x0000ded8                ping_main
 .text.kw_lookup
                0x0000e4b8       0xa0 networking/lib.a(route.o)
 .text.INET_setroute
                0x0000e558      0x450 networking/lib.a(route.o)
 .text.bb_displayroutes
                0x0000e9a8      0x244 networking/lib.a(route.o)
                0x0000e9a8                bb_displayroutes
 .text.route_main
                0x0000ebec      0x120 networking/lib.a(route.o)
                0x0000ebec                route_main
 .text.tftp_main
                0x0000ed0c      0x5c4 networking/lib.a(tftp.o)
                0x0000ed0c                tftp_main
 .text.traceroute_main
                0x0000f2d0      0xa1c networking/lib.a(traceroute.o)
                0x0000f2d0                traceroute_main
 .text.xfind_str
                0x0000fcec       0x58 networking/lib.a(vconfig.o)
 .text.vconfig_main
                0x0000fd44      0x144 networking/lib.a(vconfig.o)
                0x0000fd44                vconfig_main
 .text.sanitize_string
                0x0000fe88       0x24 networking/lib.a(wget.o)
 .text.open_socket
                0x0000feac       0x38 networking/lib.a(wget.o)
 .text.parse_url
                0x0000fee4      0x1e0 networking/lib.a(wget.o)
 .text.gethdr   0x000100c4      0x130 networking/lib.a(wget.o)
 .text.safe_fgets
                0x000101f4       0x94 networking/lib.a(wget.o)
 .text.progress_meter
                0x00010288       0xe4 networking/lib.a(wget.o)
 .text.retrieve_file_data
                0x0001036c      0x264 networking/lib.a(wget.o)
 .text.ftpcmd   0x000105d0       0xe0 networking/lib.a(wget.o)
 .text.wget_main
                0x000106b0      0x940 networking/lib.a(wget.o)
                0x000106b0                wget_main
 .text.scale    0x00010ff0       0x50 procps/lib.a(free.o)
 .text.free_main
                0x00011040      0x1c4 procps/lib.a(free.o)
                0x00011040                free_main
 .text.percent_value
                0x00011204       0xc8 procps/lib.a(iostat.o)
 .text.is_partition
                0x000112cc       0x48 procps/lib.a(iostat.o)
 .text.print_stats_dev_struct
                0x00011314      0x280 procps/lib.a(iostat.o)
 .text.iostat_main
                0x00011594      0xb0c procps/lib.a(iostat.o)
                0x00011594                iostat_main
 .text.kill_main
                0x000120a0      0x354 procps/lib.a(kill.o)
                0x000120a0                kill_main
 .text.percent_value
                0x000123f4       0xc8 procps/lib.a(mpstat.o)
 .text.is_cpu_in_bitmap
                0x000124bc       0x30 procps/lib.a(mpstat.o)
 .text.get_per_cpu_interval
                0x000124ec      0x270 procps/lib.a(mpstat.o)
 .text.get_irqcpu_nr
                0x0001275c       0xcc procps/lib.a(mpstat.o)
 .text.get_localtime
                0x00012828       0x34 procps/lib.a(mpstat.o)
 .text.alarm_handler
                0x0001285c       0x34 procps/lib.a(mpstat.o)
 .text.get_uptime
                0x00012890       0xf8 procps/lib.a(mpstat.o)
 .text.get_cpu_statistics
                0x00012988      0x274 procps/lib.a(mpstat.o)
 .text.get_irqs_from_stat
                0x00012bfc       0x88 procps/lib.a(mpstat.o)
 .text.get_irqs_from_interrupts
                0x00012c84      0x2cc procps/lib.a(mpstat.o)
 .text.write_irqcpu_stats
                0x00012f50      0x390 procps/lib.a(mpstat.o)
 .text.write_stats_core
                0x000132e0      0x840 procps/lib.a(mpstat.o)
 .text.write_stats
                0x00013b20       0x98 procps/lib.a(mpstat.o)
 .text.mpstat_main
                0x00013bb8      0x658 procps/lib.a(mpstat.o)
                0x00013bb8                mpstat_main
 .text.pidof_main
                0x00014210       0xcc procps/lib.a(pidof.o)
                0x00014210                pidof_main
 .text.print_smaprec
                0x000142dc       0x88 procps/lib.a(pmap.o)
 .text.pmap_main
                0x00014364      0x150 procps/lib.a(pmap.o)
                0x00014364                pmap_main
 .text.line_compare
                0x000144b4       0x10 procps/lib.a(powertop.o)
 .text.write_str_to_file
                0x000144c4       0x50 procps/lib.a(powertop.o)
 .text.clear_lines
                0x00014514       0x7c procps/lib.a(powertop.o)
 .text.save_line
                0x00014590       0xf4 procps/lib.a(powertop.o)
 .text.process_irq_counts
                0x00014684      0x290 procps/lib.a(powertop.o)
 .text.process_timer_stats
                0x00014914      0x22c procps/lib.a(powertop.o)
 .text.read_cstate_counts
                0x00014b40      0x1c0 procps/lib.a(powertop.o)
 .text.powertop_main
                0x00014d00      0x740 procps/lib.a(powertop.o)
                0x00014d00                powertop_main
 .text.ps_main  0x00015440      0x100 procps/lib.a(ps.o)
                0x00015440                ps_main
 .text.renice_main
                0x00015540      0x1d4 procps/lib.a(renice.o)
                0x00015540                renice_main
 .text.writeheader
                0x00015714      0x140 procps/lib.a(smemcap.o)
 .text.archivefile
                0x00015854       0xf0 procps/lib.a(smemcap.o)
 .text.archivejoin
                0x00015944       0x34 procps/lib.a(smemcap.o)
 .text.smemcap_main
                0x00015978       0xdc procps/lib.a(smemcap.o)
                0x00015978                smemcap_main
 .text.mem_sort
                0x00015a54       0x18 procps/lib.a(top.o)
 .text.pcpu_sort
                0x00015a6c       0x10 procps/lib.a(top.o)
 .text.time_sort
                0x00015a7c       0x18 procps/lib.a(top.o)
 .text.mult_lvl_cmp
                0x00015a94       0x60 procps/lib.a(top.o)
 .text.read_cpu_jiffy
                0x00015af4      0x214 procps/lib.a(top.o)
 .text.do_stats
                0x00015d08      0x180 procps/lib.a(top.o)
 .text.display_process_list
                0x00015e88      0x620 procps/lib.a(top.o)
 .text.clearmems
                0x000164a8       0x38 procps/lib.a(top.o)
 .text.top_main
                0x000164e0      0x244 procps/lib.a(top.o)
                0x000164e0                top_main
 .text.uptime_main
                0x00016724      0x150 procps/lib.a(uptime.o)
                0x00016724                uptime_main
 .text.watch_main
                0x00016874      0x15c procps/lib.a(watch.o)
                0x00016874                watch_main
 .text.save_and_replace_G_args
                0x000169d0       0x64 shell/lib.a(hush.o)
 .text.static_get
                0x00016a34       0x24 shell/lib.a(hush.o)
 .text.static_peek
                0x00016a58        0xc shell/lib.a(hush.o)
 .text.setup_file_in_str
                0x00016a64       0x30 shell/lib.a(hush.o)
 .text.setup_string_in_str
                0x00016a94       0x30 shell/lib.a(hush.o)
 .text.o_reset_to_empty_unquoted
                0x00016ac4       0x18 shell/lib.a(hush.o)
 .text.o_get_last_ptr
                0x00016adc       0x30 shell/lib.a(hush.o)
 .text.next_brace_sub
                0x00016b0c       0x7c shell/lib.a(hush.o)
 .text.remove_bg_job
                0x00016b88       0x50 shell/lib.a(hush.o)
 .text.builtin_true
                0x00016bd8        0x8 shell/lib.a(hush.o)
 .text.run_applet_main
                0x00016be0       0x30 shell/lib.a(hush.o)
 .text.builtin_test
                0x00016c10        0xc shell/lib.a(hush.o)
 .text.builtin_echo
                0x00016c1c        0xc shell/lib.a(hush.o)
 .text.builtin_printf
                0x00016c28        0xc shell/lib.a(hush.o)
 .text.skip_dash_dash
                0x00016c34       0x34 shell/lib.a(hush.o)
 .text.new_pipe
                0x00016c68        0x8 shell/lib.a(hush.o)
 .text.builtin_jobs
                0x00016c70       0x6c shell/lib.a(hush.o)
 .text.get_cwd  0x00016cdc       0x7c shell/lib.a(hush.o)
 .text.restore_G_args
                0x00016d58       0x94 shell/lib.a(hush.o)
 .text.free_strings
                0x00016dec       0x60 shell/lib.a(hush.o)
 .text.free_pipe
                0x00016e4c       0xcc shell/lib.a(hush.o)
 .text.delete_finished_bg_job
                0x00016f18       0x28 shell/lib.a(hush.o)
 .text.free_pipe_list
                0x00016f40       0x28 shell/lib.a(hush.o)
 .text.get_ptr_to_local_var
                0x00016f68       0x94 shell/lib.a(hush.o)
 .text.parse_redirect
                0x00016ffc      0x1f0 shell/lib.a(hush.o)
 .text.find_function_slot
                0x000171ec       0x64 shell/lib.a(hush.o)
 .text.find_function
                0x00017250       0x1c shell/lib.a(hush.o)
 .text.find_builtin_helper
                0x0001726c       0x5c shell/lib.a(hush.o)
 .text.find_builtin
                0x000172c8       0x54 shell/lib.a(hush.o)
 .text.get_local_var_value
                0x0001731c       0xf8 shell/lib.a(hush.o)
 .text.cmdedit_update_prompt
                0x00017414       0x68 shell/lib.a(hush.o)
 .text.set_local_var
                0x0001747c      0x210 shell/lib.a(hush.o)
 .text.set_vars_and_save_old
                0x0001768c       0x9c shell/lib.a(hush.o)
 .text.set_local_var_from_halves
                0x00017728       0x34 shell/lib.a(hush.o)
 .text.set_pwd_var
                0x0001775c       0x44 shell/lib.a(hush.o)
 .text.builtin_pwd
                0x000177a0       0x28 shell/lib.a(hush.o)
 .text.reset_traps_to_defaults
                0x000177c8      0x15c shell/lib.a(hush.o)
 .text.insert_bg_job
                0x00017924      0x1e4 shell/lib.a(hush.o)
 .text.checkjobs
                0x00017b08      0x2c4 shell/lib.a(hush.o)
 .text.checkjobs_and_fg_shell
                0x00017dcc       0x54 shell/lib.a(hush.o)
 .text.builtin_help
                0x00017e20       0x68 shell/lib.a(hush.o)
 .text.sigexit  0x00017e88       0x5c shell/lib.a(hush.o)
 .text.parse_numeric_argv1
                0x00017ee4       0x88 shell/lib.a(hush.o)
 .text.builtin_return
                0x00017f6c       0x5c shell/lib.a(hush.o)
 .text.builtin_break
                0x00017fc8       0x8c shell/lib.a(hush.o)
 .text.builtin_continue
                0x00018054       0x18 shell/lib.a(hush.o)
 .text.redirect_opt_num
                0x0001806c       0x70 shell/lib.a(hush.o)
 .text.unset_local_var_len
                0x000180dc      0x108 shell/lib.a(hush.o)
 .text.builtin_unset
                0x000181e4      0x100 shell/lib.a(hush.o)
 .text.builtin_umask
                0x000182e4       0xbc shell/lib.a(hush.o)
 .text.helper_export_local
                0x000183a0       0xe8 shell/lib.a(hush.o)
 .text.builtin_local
                0x00018488       0x50 shell/lib.a(hush.o)
 .text.unbackslash
                0x000184d8       0x4c shell/lib.a(hush.o)
 .text.find_in_path
                0x00018524       0xc4 shell/lib.a(hush.o)
 .text.builtin_type
                0x000185e8       0xbc shell/lib.a(hush.o)
 .text.print_escaped
                0x000186a4       0x90 shell/lib.a(hush.o)
 .text.builtin_trap
                0x00018734      0x228 shell/lib.a(hush.o)
 .text.builtin_export
                0x0001895c       0xa4 shell/lib.a(hush.o)
 .text.builtin_shift
                0x00018a00       0xd4 shell/lib.a(hush.o)
 .text.o_save_ptr_helper
                0x00018ad4       0xe4 shell/lib.a(hush.o)
 .text.o_grow_by
                0x00018bb8       0x58 shell/lib.a(hush.o)
 .text.o_addQchr
                0x00018c10       0xa8 shell/lib.a(hush.o)
 .text.o_addqchr
                0x00018cb8       0x9c shell/lib.a(hush.o)
 .text.o_addblock
                0x00018d54       0x70 shell/lib.a(hush.o)
 .text.o_addstr_with_NUL
                0x00018dc4       0x40 shell/lib.a(hush.o)
 .text.o_addchr
                0x00018e04       0x68 shell/lib.a(hush.o)
 .text.add_strings_to_strings
                0x00018e6c       0xf8 shell/lib.a(hush.o)
 .text.add_string_to_strings
                0x00018f64       0x28 shell/lib.a(hush.o)
 .text.builtin_read
                0x00018f8c       0xf8 shell/lib.a(hush.o)
 .text.builtin_memleak
                0x00019084       0xa0 shell/lib.a(hush.o)
 .text.execvp_or_die
                0x00019124       0x50 shell/lib.a(hush.o)
 .text.builtin_exec
                0x00019174       0x6c shell/lib.a(hush.o)
 .text.done_command
                0x000191e0       0x90 shell/lib.a(hush.o)
 .text.initialize_context
                0x00019270       0x3c shell/lib.a(hush.o)
 .text.done_pipe
                0x000192ac       0xe0 shell/lib.a(hush.o)
 .text.o_free   0x0001938c       0x34 shell/lib.a(hush.o)
 .text.glob_brace
                0x000193c0      0x230 shell/lib.a(hush.o)
 .text.o_save_ptr
                0x000195f0      0x128 shell/lib.a(hush.o)
 .text.restore_redirects
                0x00019718       0x54 shell/lib.a(hush.o)
 .text.file_peek
                0x0001976c       0x7c shell/lib.a(hush.o)
 .text.die_if_script
                0x000197e8       0x4c shell/lib.a(hush.o)
 .text.syntax_error_unexpected_ch
                0x00019834       0x40 shell/lib.a(hush.o)
 .text.syntax_error_unterm_str
                0x00019874       0x10 shell/lib.a(hush.o)
 .text.syntax_error_unterm_ch
                0x00019884       0x1c shell/lib.a(hush.o)
 .text.add_till_backquote
                0x000198a0       0xc8 shell/lib.a(hush.o)
 .text.add_till_closing_bracket
                0x00019968      0x220 shell/lib.a(hush.o)
 .text.parse_dollar
                0x00019b88      0x420 shell/lib.a(hush.o)
 .text.syntax_error_at
                0x00019fa8       0x10 shell/lib.a(hush.o)
 .text.syntax_error
                0x00019fb8       0x28 shell/lib.a(hush.o)
 .text.encode_string
                0x00019fe0      0x168 shell/lib.a(hush.o)
 .text.o_addQstr
                0x0001a148      0x130 shell/lib.a(hush.o)
 .text.expand_on_ifs
                0x0001a278      0x164 shell/lib.a(hush.o)
 .text.builtin_cd
                0x0001a3dc       0x70 shell/lib.a(hush.o)
 .text.builtin_fg_bg
                0x0001a44c      0x1ac shell/lib.a(hush.o)
 .text.done_word
                0x0001a5f8      0x3c8 shell/lib.a(hush.o)
 .text.parse_stream
                0x0001a9c0      0xb4c shell/lib.a(hush.o)
 .text.dump_cmd_in_x_mode
                0x0001b50c       0xec shell/lib.a(hush.o)
 .text.setup_heredoc
                0x0001b5f8      0x158 shell/lib.a(hush.o)
 .text.setup_redirects
                0x0001b750      0x158 shell/lib.a(hush.o)
 .text.run_pipe
                0x0001b8a8      0x6a0 shell/lib.a(hush.o)
 .text.run_list
                0x0001bf48      0x490 shell/lib.a(hush.o)
 .text.parse_and_run_stream
                0x0001c3d8       0x9c shell/lib.a(hush.o)
 .text.parse_and_run_file
                0x0001c474       0x2c shell/lib.a(hush.o)
 .text.builtin_source
                0x0001c4a0       0xec shell/lib.a(hush.o)
 .text.parse_and_run_string
                0x0001c58c       0x2c shell/lib.a(hush.o)
 .text.expand_vars_to_list
                0x0001c5b8      0x4e0 shell/lib.a(hush.o)
 .text.expand_variables
                0x0001ca98       0xd8 shell/lib.a(hush.o)
 .text.expand_strvec_to_string
                0x0001cb70       0x98 shell/lib.a(hush.o)
 .text.builtin_eval
                0x0001cc08       0x5c shell/lib.a(hush.o)
 .text.check_and_run_traps
                0x0001cc64      0x124 shell/lib.a(hush.o)
 .text.builtin_wait
                0x0001cd88      0x188 shell/lib.a(hush.o)
 .text.file_get
                0x0001cf10      0x14c shell/lib.a(hush.o)
 .text.hush_exit
                0x0001d05c       0x64 shell/lib.a(hush.o)
 .text.builtin_exit
                0x0001d0c0       0x4c shell/lib.a(hush.o)
 .text.expand_string_to_string
                0x0001d10c       0xac shell/lib.a(hush.o)
 .text.expand_assignments
                0x0001d1b8       0x94 shell/lib.a(hush.o)
 .text.encode_then_expand_string
                0x0001d24c       0xc0 shell/lib.a(hush.o)
 .text.expand_and_evaluate_arith
                0x0001d30c       0x98 shell/lib.a(hush.o)
 .text.expand_one_var
                0x0001d3a4      0x6dc shell/lib.a(hush.o)
 .text.expand_strvec_to_strvec
                0x0001da80        0x8 shell/lib.a(hush.o)
 .text.pseudo_exec_argv
                0x0001da88      0x120 shell/lib.a(hush.o)
 .text.set_mode
                0x0001dba8      0x114 shell/lib.a(hush.o)
 .text.builtin_set
                0x0001dcbc      0x198 shell/lib.a(hush.o)
 .text.maybe_set_to_sigexit
                0x0001de54       0x68 shell/lib.a(hush.o)
 .text.init_sigmasks
                0x0001debc      0x118 shell/lib.a(hush.o)
 .text.hush_main
                0x0001dfd4      0x4c0 shell/lib.a(hush.o)
                0x0001dfd4                hush_main
 .text.scan_and_match
                0x0001e494      0x168 shell/lib.a(match.o)
                0x0001e494                scan_and_match
 .text.endofname
                0x0001e5fc       0x68 shell/lib.a(math.o)
                0x0001e5fc                endofname
 .text.arith_apply
                0x0001e664      0x420 shell/lib.a(math.o)
 .text.evaluate_string
                0x0001ea84      0x3ac shell/lib.a(math.o)
 .text.arith    0x0001ee30        0xc shell/lib.a(math.o)
                0x0001ee30                arith
 .text.arith_lookup_val
                0x0001ee3c       0xc8 shell/lib.a(math.o)
 .text.is_well_formed_var_name
                0x0001ef04       0x70 shell/lib.a(shell_common.o)
                0x0001ef04                is_well_formed_var_name
 .text.printlim
                0x0001ef74       0x6c shell/lib.a(shell_common.o)
 .text.shell_builtin_ulimit
                0x0001efe0      0x264 shell/lib.a(shell_common.o)
                0x0001efe0                shell_builtin_ulimit
 .text.shell_builtin_read
                0x0001f244      0x510 shell/lib.a(shell_common.o)
                0x0001f244                shell_builtin_read
 .text.blockdev_main
                0x0001f754      0x164 util-linux/lib.a(blockdev.o)
                0x0001f754                blockdev_main
 .text.dmesg_main
                0x0001f8b8      0x158 util-linux/lib.a(dmesg.o)
                0x0001f8b8                dmesg_main
 .text.flock_main
                0x0001fa10      0x1a0 util-linux/lib.a(flock.o)
                0x0001fa10                flock_main
 .text.normalize
                0x0001fbb0      0x138 util-linux/lib.a(getopt.o)
 .text.generate_output
                0x0001fce8      0x22c util-linux/lib.a(getopt.o)
 .text.getopt_main
                0x0001ff14      0x378 util-linux/lib.a(getopt.o)
                0x0001ff14                getopt_main
 .text.hexdump_main
                0x0002028c      0x238 util-linux/lib.a(hexdump.o)
                0x0002028c                hexdump_main
 .text.read_rtc
                0x000204c4       0x40 util-linux/lib.a(hwclock.o)
 .text.hwclock_main
                0x00020504      0x184 util-linux/lib.a(hwclock.o)
                0x00020504                hwclock_main
 .text.losetup_main
                0x00020688      0x1ac util-linux/lib.a(losetup.o)
                0x00020688                losetup_main
 .text.more_main
                0x00020834      0x2e8 util-linux/lib.a(more.o)
                0x00020834                more_main
 .text.parse_mount_options
                0x00020b1c      0x168 util-linux/lib.a(mount.o)
 .text.append_mount_options
                0x00020c84      0x118 util-linux/lib.a(mount.o)
 .text.error_msg_rpc
                0x00020d9c       0x74 util-linux/lib.a(mount.o)
 .text.mount_it_now
                0x00020e10       0xc8 util-linux/lib.a(mount.o)
 .text.nfs_strerror
                0x00020ed8       0x48 util-linux/lib.a(mount.o)
 .text.daemonize
                0x00020f20       0xa8 util-linux/lib.a(mount.o)
 .text.xdr_fhstatus
                0x00020fc8       0x68 util-linux/lib.a(mount.o)
 .text.xdr_mountres3
                0x00021030       0x90 util-linux/lib.a(mount.o)
 .text.xdr_dirpath
                0x000210c0        0x8 util-linux/lib.a(mount.o)
 .text.nfsmount
                0x000210c8      0xed8 util-linux/lib.a(mount.o)
 .text.singlemount
                0x00021fa0      0x3d4 util-linux/lib.a(mount.o)
 .text.mount_main
                0x00022374      0x4f4 util-linux/lib.a(mount.o)
                0x00022374                mount_main
 .text.rev_main
                0x00022868      0x1d4 util-linux/lib.a(rev.o)
                0x00022868                rev_main
 .text.umount_main
                0x00022a3c      0x2f0 util-linux/lib.a(umount.o)
                0x00022a3c                umount_main
 .text.make_new_name_generic
                0x00022d2c       0x64 archival/lib.a(bbunzip.o)
 .text.unpack_unxz
                0x00022d90       0x60 archival/lib.a(bbunzip.o)
 .text.unpack_bunzip2
                0x00022df0        0xc archival/lib.a(bbunzip.o)
 .text.make_new_name_gunzip
                0x00022dfc       0xa8 archival/lib.a(bbunzip.o)
 .text.unpack_gunzip
                0x00022ea4       0x84 archival/lib.a(bbunzip.o)
 .text.open_to_or_warn
                0x00022f28       0x4c archival/lib.a(bbunzip.o)
 .text.bbunpack
                0x00022f74      0x24c archival/lib.a(bbunzip.o)
                0x00022f74                bbunpack
 .text.unxz_main
                0x000231c0       0xa0 archival/lib.a(bbunzip.o)
                0x000231c0                unxz_main
 .text.bunzip2_main
                0x00023260       0x8c archival/lib.a(bbunzip.o)
                0x00023260                bunzip2_main
 .text.gunzip_main
                0x000232ec       0x88 archival/lib.a(bbunzip.o)
                0x000232ec                gunzip_main
 .text.append_ext
                0x00023374       0x14 archival/lib.a(bbunzip.o)
                0x00023374                append_ext
 .text.cpio_main
                0x00023388      0x1f0 archival/lib.a(cpio.o)
                0x00023388                cpio_main
 .text.bi_reverse
                0x00023578       0x20 archival/lib.a(gzip.o)
 .text.init_block
                0x00023598       0x8c archival/lib.a(gzip.o)
 .text.pqdownheap
                0x00023624      0x114 archival/lib.a(gzip.o)
 .text.gen_codes
                0x00023738       0xb0 archival/lib.a(gzip.o)
 .text.build_tree
                0x000237e8      0x490 archival/lib.a(gzip.o)
 .text.scan_tree
                0x00023c78      0x134 archival/lib.a(gzip.o)
 .text.ct_tally
                0x00023dac      0x1a0 archival/lib.a(gzip.o)
 .text.gzip_main
                0x00023f4c      0x120 archival/lib.a(gzip.o)
                0x00023f4c                gzip_main
 .text.file_read
                0x0002406c       0x88 archival/lib.a(gzip.o)
 .text.fill_window
                0x000240f4      0x168 archival/lib.a(gzip.o)
 .text.flush_outbuf
                0x0002425c       0x48 archival/lib.a(gzip.o)
 .text.put_16bit
                0x000242a4       0xc8 archival/lib.a(gzip.o)
 .text.bi_windup
                0x0002436c       0x78 archival/lib.a(gzip.o)
 .text.send_bits
                0x000243e4       0xa8 archival/lib.a(gzip.o)
 .text.compress_block
                0x0002448c      0x1bc archival/lib.a(gzip.o)
 .text.send_tree
                0x00024648      0x198 archival/lib.a(gzip.o)
 .text.flush_block
                0x000247e0      0x2b4 archival/lib.a(gzip.o)
 .text.put_32bit
                0x00024a94       0x2c archival/lib.a(gzip.o)
 .text.pack_gzip
                0x00024ac0      0x89c archival/lib.a(gzip.o)
 .text.append_file_list_to_list
                0x0002535c       0x8c archival/lib.a(tar.o)
 .text.writeTarFile
                0x000253e8       0xe4 archival/lib.a(tar.o)
 .text.tar_main
                0x000254cc      0x3ac archival/lib.a(tar.o)
                0x000254cc                tar_main
 .text.putOctal
                0x00025878       0x74 archival/lib.a(tar.o)
 .text.chksum_and_xwrite
                0x000258ec       0x9c archival/lib.a(tar.o)
 .text.writeLongname
                0x00025988      0x108 archival/lib.a(tar.o)
 .text.writeFileToTarball
                0x00025a90      0x634 archival/lib.a(tar.o)
 .text.data_extract_all
                0x000260c4      0x420 archival/libarchive/lib.a(data_extract_all.o)
                0x000260c4                data_extract_all
 .text.xputenv  0x000264e4       0x28 archival/libarchive/lib.a(data_extract_to_command.o)
 .text.dec2env  0x0002650c       0x58 archival/libarchive/lib.a(data_extract_to_command.o)
 .text.str2env  0x00026564       0x58 archival/libarchive/lib.a(data_extract_to_command.o)
 .text.data_extract_to_command
                0x000265bc      0x22c archival/libarchive/lib.a(data_extract_to_command.o)
                0x000265bc                data_extract_to_command
 .text.data_extract_to_stdout
                0x000267e8       0x20 archival/libarchive/lib.a(data_extract_to_stdout.o)
                0x000267e8                data_extract_to_stdout
 .text.data_skip
                0x00026808       0x24 archival/libarchive/lib.a(data_skip.o)
                0x00026808                data_skip
 .text.dealloc_bunzip
                0x0002682c       0x2c archival/libarchive/lib.a(decompress_bunzip2.o)
                0x0002682c                dealloc_bunzip
 .text.get_bits
                0x00026858       0xf8 archival/libarchive/lib.a(decompress_bunzip2.o)
 .text.start_bunzip
                0x00026950      0x128 archival/libarchive/lib.a(decompress_bunzip2.o)
                0x00026950                start_bunzip
 .text.read_bunzip
                0x00026a78      0x910 archival/libarchive/lib.a(decompress_bunzip2.o)
                0x00026a78                read_bunzip
 .text.unpack_bz2_stream
                0x00027388      0x178 archival/libarchive/lib.a(decompress_bunzip2.o)
                0x00027388                unpack_bz2_stream
 .text.unpack_bz2_stream_prime
                0x00027500       0x5c archival/libarchive/lib.a(decompress_bunzip2.o)
                0x00027500                unpack_bz2_stream_prime
 .text.dict_repeat
                0x0002755c       0xa8 archival/libarchive/lib.a(decompress_unxz.o)
 .text.rc_reset
                0x00027604       0x18 archival/libarchive/lib.a(decompress_unxz.o)
 .text.lzma_len
                0x0002761c      0x224 archival/libarchive/lib.a(decompress_unxz.o)
 .text.lzma_main
                0x00027840      0xb38 archival/libarchive/lib.a(decompress_unxz.o)
 .text.lzma_reset
                0x00028378       0x38 archival/libarchive/lib.a(decompress_unxz.o)
 .text.dec_vli  0x000283b0      0x100 archival/libarchive/lib.a(decompress_unxz.o)
 .text.crc32_validate
                0x000284b0       0x68 archival/libarchive/lib.a(decompress_unxz.o)
 .text.fill_temp
                0x00028518       0x9c archival/libarchive/lib.a(decompress_unxz.o)
 .text.xz_crc32
                0x000285b4       0x3c archival/libarchive/lib.a(decompress_unxz.o)
 .text.index_update
                0x000285f0       0x68 archival/libarchive/lib.a(decompress_unxz.o)
 .text.xz_dec_lzma2_run
                0x00028658      0x6ec archival/libarchive/lib.a(decompress_unxz.o)
 .text.unpack_xz_stream
                0x00028d44      0xac8 archival/libarchive/lib.a(decompress_unxz.o)
                0x00028d44                unpack_xz_stream
 .text.inflate_codes_setup
                0x0002980c       0x4c archival/libarchive/lib.a(decompress_unzip.o)
 .text.huft_free
                0x00029858       0x3c archival/libarchive/lib.a(decompress_unzip.o)
 .text.huft_free_all
                0x00029894       0x38 archival/libarchive/lib.a(decompress_unzip.o)
 .text.buffer_read_le_u32
                0x000298cc       0x54 archival/libarchive/lib.a(decompress_unzip.o)
 .text.huft_build
                0x00029920      0x5d8 archival/libarchive/lib.a(decompress_unzip.o)
 .text.abort_unzip
                0x00029ef8       0x20 archival/libarchive/lib.a(decompress_unzip.o)
 .text.fill_bitbuffer
                0x00029f18      0x118 archival/libarchive/lib.a(decompress_unzip.o)
 .text.inflate_codes
                0x0002a030      0x3b4 archival/libarchive/lib.a(decompress_unzip.o)
 .text.calculate_gunzip_crc
                0x0002a3e4       0x60 archival/libarchive/lib.a(decompress_unzip.o)
 .text.inflate_unzip_internal
                0x0002a444      0x978 archival/libarchive/lib.a(decompress_unzip.o)
 .text.top_up   0x0002adbc       0xa0 archival/libarchive/lib.a(decompress_unzip.o)
 .text.unpack_gz_stream_with_info
                0x0002ae5c      0x2a8 archival/libarchive/lib.a(decompress_unzip.o)
                0x0002ae5c                unpack_gz_stream_with_info
 .text.filter_accept_list
                0x0002b104       0x28 archival/libarchive/lib.a(filter_accept_list.o)
                0x0002b104                filter_accept_list
 .text.filter_accept_reject_list
                0x0002b12c       0x64 archival/libarchive/lib.a(filter_accept_reject_list.o)
                0x0002b12c                filter_accept_reject_list
 .text.find_list_entry2
                0x0002b190       0xb4 archival/libarchive/lib.a(find_list_entry.o)
                0x0002b190                find_list_entry2
 .text.find_list_entry
                0x0002b244       0x50 archival/libarchive/lib.a(find_list_entry.o)
                0x0002b244                find_list_entry
 .text.get_header_cpio
                0x0002b294      0x4b4 archival/libarchive/lib.a(get_header_cpio.o)
                0x0002b294                get_header_cpio
 .text.getOctal
                0x0002b748       0xc4 archival/libarchive/lib.a(get_header_tar.o)
 .text.get_header_tar
                0x0002b80c      0x670 archival/libarchive/lib.a(get_header_tar.o)
                0x0002b80c                get_header_tar
 .text.header_list
                0x0002be7c        0x8 archival/libarchive/lib.a(header_list.o)
                0x0002be7c                header_list
 .text.header_verbose_list
                0x0002be84      0x100 archival/libarchive/lib.a(header_verbose_list.o)
                0x0002be84                header_verbose_list
 .text.init_handle
                0x0002bf84       0x68 archival/libarchive/lib.a(init_handle.o)
                0x0002bf84                init_handle
 .text.seek_by_jump
                0x0002bfec       0xa0 archival/libarchive/lib.a(seek_by_jump.o)
                0x0002bfec                seek_by_jump
 .text.seek_by_read
                0x0002c08c       0x24 archival/libarchive/lib.a(seek_by_read.o)
                0x0002c08c                seek_by_read
 .text.data_align
                0x0002c0b0       0xac archival/libarchive/lib.a(data_align.o)
                0x0002c0b0                data_align
 .text.filter_accept_all
                0x0002c15c       0x10 archival/libarchive/lib.a(filter_accept_all.o)
                0x0002c15c                filter_accept_all
 .text.header_skip
                0x0002c16c        0x4 archival/libarchive/lib.a(header_skip.o)
                0x0002c16c                header_skip
 .text.clear_main
                0x0002c170       0x24 console-tools/lib.a(clear.o)
                0x0002c170                clear_main
 .text.fgconsole_main
                0x0002c194       0x48 console-tools/lib.a(fgconsole.o)
                0x0002c194                fgconsole_main
 .text.basename_main
                0x0002c1dc       0xb4 coreutils/lib.a(basename.o)
                0x0002c1dc                basename_main
 .text.bb_cat   0x0002c290       0x98 coreutils/lib.a(cat.o)
                0x0002c290                bb_cat
 .text.cat_main
                0x0002c328       0x48 coreutils/lib.a(cat.o)
                0x0002c328                cat_main
 .text.chgrp_main
                0x0002c370       0x70 coreutils/lib.a(chgrp.o)
                0x0002c370                chgrp_main
 .text.chmod_main
                0x0002c3e0      0x140 coreutils/lib.a(chmod.o)
                0x0002c3e0                chmod_main
 .text.fileAction
                0x0002c520       0xb0 coreutils/lib.a(chmod.o)
 .text.chown_main
                0x0002c5d0       0xfc coreutils/lib.a(chown.o)
                0x0002c5d0                chown_main
 .text.fileAction
                0x0002c6cc       0x68 coreutils/lib.a(chown.o)
 .text.chroot_main
                0x0002c734       0x80 coreutils/lib.a(chroot.o)
                0x0002c734                chroot_main
 .text.cp_main  0x0002c7b4      0x170 coreutils/lib.a(cp.o)
                0x0002c7b4                cp_main
 .text.cmpfunc  0x0002c924       0x10 coreutils/lib.a(cut.o)
 .text.cut_main
                0x0002c934      0x484 coreutils/lib.a(cut.o)
                0x0002c934                cut_main
 .text.maybe_set_utc
                0x0002cdb8       0x18 coreutils/lib.a(date.o)
 .text.date_main
                0x0002cdd0      0x300 coreutils/lib.a(date.o)
                0x0002cdd0                date_main
 .text.full_write_or_warn
                0x0002d0d0       0x58 coreutils/lib.a(dd.o)
 .text.write_and_stats
                0x0002d128       0x9c coreutils/lib.a(dd.o)
 .text.dd_main  0x0002d1c4      0x6b4 coreutils/lib.a(dd.o)
                0x0002d1c4                dd_main
 .text.df_main  0x0002d878      0x398 coreutils/lib.a(df.o)
                0x0002d878                df_main
 .text.print    0x0002dc10       0x4c coreutils/lib.a(du.o)
 .text.du       0x0002dc5c      0x248 coreutils/lib.a(du.o)
 .text.du_main  0x0002dea4      0x15c coreutils/lib.a(du.o)
                0x0002dea4                du_main
 .text.echo_main
                0x0002e000      0x198 coreutils/lib.a(echo.o)
                0x0002e000                echo_main
 .text.env_main
                0x0002e198      0x118 coreutils/lib.a(env.o)
                0x0002e198                env_main
 .text.null     0x0002e2b0       0x3c coreutils/lib.a(expr.o)
 .text.tostring
                0x0002e2ec       0x44 coreutils/lib.a(expr.o)
 .text.int_value
                0x0002e330       0x2c coreutils/lib.a(expr.o)
 .text.str_value
                0x0002e35c       0x4c coreutils/lib.a(expr.o)
 .text.docolon  0x0002e3a8      0x120 coreutils/lib.a(expr.o)
 .text.toarith  0x0002e4c8       0x80 coreutils/lib.a(expr.o)
 .text.arithmetic_common
                0x0002e548       0xbc coreutils/lib.a(expr.o)
 .text.freev    0x0002e604       0x38 coreutils/lib.a(expr.o)
 .text.nextarg  0x0002e63c       0x58 coreutils/lib.a(expr.o)
 .text.eval6    0x0002e694      0x298 coreutils/lib.a(expr.o)
 .text.eval5    0x0002e92c       0x8c coreutils/lib.a(expr.o)
 .text.eval4    0x0002e9b8       0xc0 coreutils/lib.a(expr.o)
 .text.eval3    0x0002ea78       0xac coreutils/lib.a(expr.o)
 .text.eval2    0x0002eb24      0x1a8 coreutils/lib.a(expr.o)
 .text.eval1    0x0002eccc       0x9c coreutils/lib.a(expr.o)
 .text.eval     0x0002ed68       0x84 coreutils/lib.a(expr.o)
 .text.expr_main
                0x0002edec       0x98 coreutils/lib.a(expr.o)
                0x0002edec                expr_main
 .text.false_main
                0x0002ee84        0x8 coreutils/lib.a(false.o)
                0x0002ee84                false_main
 .text.head_main
                0x0002ee8c      0x1f8 coreutils/lib.a(head.o)
                0x0002ee8c                head_main
 .text.printf_full
                0x0002f084       0x54 coreutils/lib.a(id.o)
 .text.id_main  0x0002f0d8      0x184 coreutils/lib.a(id.o)
                0x0002f0d8                id_main
 .text.ln_main  0x0002f25c      0x268 coreutils/lib.a(ln.o)
                0x0002f25c                ln_main
 .text.logname_main
                0x0002f4c4       0x48 coreutils/lib.a(logname.o)
                0x0002f4c4                logname_main
 .text.fgcolor  0x0002f50c       0x40 coreutils/lib.a(ls.o)
 .text.bold     0x0002f54c       0x40 coreutils/lib.a(ls.o)
 .text.count_dirs
                0x0002f58c       0x78 coreutils/lib.a(ls.o)
 .text.sortcmp  0x0002f604      0x124 coreutils/lib.a(ls.o)
 .text.my_stat  0x0002f728       0xb4 coreutils/lib.a(ls.o)
 .text.dnalloc  0x0002f7dc       0x20 coreutils/lib.a(ls.o)
 .text.splitdnarray
                0x0002f7fc       0xb4 coreutils/lib.a(ls.o)
 .text.print_name
                0x0002f8b0       0xb0 coreutils/lib.a(ls.o)
 .text.list_single
                0x0002f960      0x480 coreutils/lib.a(ls.o)
 .text.showfiles
                0x0002fde0      0x234 coreutils/lib.a(ls.o)
 .text.dnsort   0x00030014       0x10 coreutils/lib.a(ls.o)
 .text.showdirs
                0x00030024      0x234 coreutils/lib.a(ls.o)
 .text.ls_main  0x00030258      0x428 coreutils/lib.a(ls.o)
                0x00030258                ls_main
 .text.md5_sha1_sum_main
                0x00030680      0x150 coreutils/lib.a(md5_sha1_sum.o)
                0x00030680                md5_sha1_sum_main
 .text.mkdir_main
                0x000307d0       0xe0 coreutils/lib.a(mkdir.o)
                0x000307d0                mkdir_main
 .text.mkfifo_main
                0x000308b0       0x90 coreutils/lib.a(mkfifo.o)
                0x000308b0                mkfifo_main
 .text.mknod_main
                0x00030940      0x134 coreutils/lib.a(mknod.o)
                0x00030940                mknod_main
 .text.mv_main  0x00030a74      0x274 coreutils/lib.a(mv.o)
                0x00030a74                mv_main
 .text.get_width_prec
                0x00030ce8       0x5c coreutils/lib.a(printf.o)
 .text.multiconvert
                0x00030d44       0xa0 coreutils/lib.a(printf.o)
 .text.print_direc
                0x00030de4      0x28c coreutils/lib.a(printf.o)
 .text.printf_main
                0x00031070      0x3f0 coreutils/lib.a(printf.o)
                0x00031070                printf_main
 .text.conv_strtoll
                0x00031460       0x34 coreutils/lib.a(printf.o)
 .text.conv_strtoull
                0x00031494       0x6c coreutils/lib.a(printf.o)
 .text.conv_strtod
                0x00031500       0x58 coreutils/lib.a(printf.o)
 .text.pwd_main
                0x00031558       0x50 coreutils/lib.a(pwd.o)
                0x00031558                pwd_main
 .text.readlink_main
                0x000315a8       0x4c coreutils/lib.a(readlink.o)
                0x000315a8                readlink_main
 .text.rm_main  0x000315f4      0x110 coreutils/lib.a(rm.o)
                0x000315f4                rm_main
 .text.rmdir_main
                0x00031704       0xd4 coreutils/lib.a(rmdir.o)
                0x00031704                rmdir_main
 .text.seq_main
                0x000317d8      0x310 coreutils/lib.a(seq.o)
                0x000317d8                seq_main
 .text.sleep_main
                0x00031ae8       0x30 coreutils/lib.a(sleep.o)
                0x00031ae8                sleep_main
 .text.compare_keys
                0x00031b18       0xbc coreutils/lib.a(sort.o)
 .text.sort_main
                0x00031bd4      0x224 coreutils/lib.a(sort.o)
                0x00031bd4                sort_main
 .text.mode_type_flag
                0x00031df8       0x24 coreutils/lib.a(stty.o)
 .text.set_mode
                0x00031e1c      0x46c coreutils/lib.a(stty.o)
 .text.find_param
                0x00032288       0x40 coreutils/lib.a(stty.o)
 .text.find_control
                0x000322c8       0x40 coreutils/lib.a(stty.o)
 .text.find_mode
                0x00032308       0x40 coreutils/lib.a(stty.o)
 .text.set_control_char_or_die
                0x00032348       0xf4 coreutils/lib.a(stty.o)
 .text.perror_on_device
                0x0003243c       0x10 coreutils/lib.a(stty.o)
 .text.wrapf    0x0003244c       0xe8 coreutils/lib.a(stty.o)
 .text.display_window_size
                0x00032534       0x90 coreutils/lib.a(stty.o)
 .text.newline  0x000325c4       0x20 coreutils/lib.a(stty.o)
 .text.set_window_size
                0x000325e4       0x98 coreutils/lib.a(stty.o)
 .text.display_speed
                0x0003267c       0xb8 coreutils/lib.a(stty.o)
 .text.recover_mode
                0x00032734       0xf4 coreutils/lib.a(stty.o)
 .text.set_speed_or_die
                0x00032828       0x80 coreutils/lib.a(stty.o)
 .text.perror_on_device_and_die
                0x000328a8       0x18 coreutils/lib.a(stty.o)
 .text.stty_main
                0x000328c0      0x59c coreutils/lib.a(stty.o)
                0x000328c0                stty_main
 .text.display_recoverable
                0x00032e5c       0x74 coreutils/lib.a(stty.o)
 .text.do_display
                0x00032ed0      0x264 coreutils/lib.a(stty.o)
 .text.sync_main
                0x00033134       0x1c coreutils/lib.a(sync.o)
                0x00033134                sync_main
 .text.eat_num  0x00033150       0x3c coreutils/lib.a(tail.o)
 .text.tail_xprint_header
                0x0003318c       0x2c coreutils/lib.a(tail.o)
 .text.tail_read
                0x000331b8       0xd4 coreutils/lib.a(tail.o)
 .text.tail_main
                0x0003328c      0x5f4 coreutils/lib.a(tail.o)
                0x0003328c                tail_main
 .text.tee_main
                0x00033880      0x1bc coreutils/lib.a(tee.o)
                0x00033880                tee_main
 .text.check_operator
                0x00033a3c       0x70 coreutils/lib.a(test.o)
 .text.syntax   0x00033aac       0x5c coreutils/lib.a(test.o)
 .text.getn     0x00033b08       0x90 coreutils/lib.a(test.o)
 .text.binop    0x00033b98      0x200 coreutils/lib.a(test.o)
 .text.nexpr    0x00033d98      0x408 coreutils/lib.a(test.o)
 .text.aexpr    0x000341a0       0x8c coreutils/lib.a(test.o)
 .text.oexpr    0x0003422c       0x8c coreutils/lib.a(test.o)
 .text.test_main
                0x000342b8      0x170 coreutils/lib.a(test.o)
                0x000342b8                test_main
 .text.touch_main
                0x00034428       0xe0 coreutils/lib.a(touch.o)
                0x00034428                touch_main
 .text.expand   0x00034508      0x114 coreutils/lib.a(tr.o)
 .text.tr_main  0x0003461c      0x2e8 coreutils/lib.a(tr.o)
                0x0003461c                tr_main
 .text.true_main
                0x00034904        0x8 coreutils/lib.a(true.o)
                0x00034904                true_main
 .text.tty_main
                0x0003490c       0x4c coreutils/lib.a(tty.o)
                0x0003490c                tty_main
 .text.uname_main
                0x00034958      0x110 coreutils/lib.a(uname.o)
                0x00034958                uname_main
 .text.uniq_main
                0x00034a68      0x204 coreutils/lib.a(uniq.o)
                0x00034a68                uniq_main
 .text.usleep_main
                0x00034c6c       0x34 coreutils/lib.a(usleep.o)
                0x00034c6c                usleep_main
 .text.base64_main
                0x00034ca0      0x128 coreutils/lib.a(uudecode.o)
                0x00034ca0                base64_main
 .text.wc_main  0x00034dc8      0x2e4 coreutils/lib.a(wc.o)
                0x00034dc8                wc_main
 .text.whoami_main
                0x000350ac       0x34 coreutils/lib.a(whoami.o)
                0x000350ac                whoami_main
 .text.yes_main
                0x000350e0       0x70 coreutils/lib.a(yes.o)
                0x000350e0                yes_main
 .text.cp_mv_stat2
                0x00035150       0x84 coreutils/libcoreutils/lib.a(cp_mv_stat.o)
                0x00035150                cp_mv_stat2
 .text.cp_mv_stat
                0x000351d4        0xc coreutils/libcoreutils/lib.a(cp_mv_stat.o)
                0x000351d4                cp_mv_stat
 .text.getopt_mk_fifo_nod
                0x000351e0       0x58 coreutils/libcoreutils/lib.a(getopt_mk_fifo_nod.o)
                0x000351e0                getopt_mk_fifo_nod
 .text.which_main
                0x00035238      0x10c debianutils/lib.a(which.o)
                0x00035238                which_main
 .text.hashidx  0x00035344       0x28 editors/lib.a(awk.o)
 .text.skip_spaces
                0x0003536c       0x5c editors/lib.a(awk.o)
 .text.nextword
                0x000353c8       0x20 editors/lib.a(awk.o)
 .text.rollback_token
                0x000353e8       0x18 editors/lib.a(awk.o)
 .text.nextarg  0x00035400       0x34 editors/lib.a(awk.o)
 .text.new_node
                0x00035434       0x40 editors/lib.a(awk.o)
 .text.nvalloc  0x00035474      0x110 editors/lib.a(awk.o)
 .text.hash_init
                0x00035584       0x40 editors/lib.a(awk.o)
 .text.iamarray
                0x000355c4       0x4c editors/lib.a(awk.o)
 .text.qrealloc
                0x00035610       0x30 editors/lib.a(awk.o)
 .text.clrvar   0x00035640       0x4c editors/lib.a(awk.o)
 .text.fsrealloc
                0x0003568c       0xbc editors/lib.a(awk.o)
 .text.clear_array
                0x00035748       0x9c editors/lib.a(awk.o)
 .text.zero_out_var
                0x000357e4        0xc editors/lib.a(awk.o)
 .text.chain_node
                0x000357f0       0xa8 editors/lib.a(awk.o)
 .text.mk_re_node
                0x00035898       0x58 editors/lib.a(awk.o)
 .text.mk_splitter
                0x000358f0       0x88 editors/lib.a(awk.o)
 .text.my_strtod
                0x00035978        0xc editors/lib.a(awk.o)
 .text.getvar_i
                0x00035984       0xa4 editors/lib.a(awk.o)
 .text.is_numeric
                0x00035a28       0x30 editors/lib.a(awk.o)
 .text.istrue   0x00035a58       0x74 editors/lib.a(awk.o)
 .text.getvar_i_int
                0x00035acc       0x6c editors/lib.a(awk.o)
 .text.hash_remove
                0x00035b38       0xcc editors/lib.a(awk.o)
 .text.hash_search
                0x00035c04       0x84 editors/lib.a(awk.o)
 .text.hash_find
                0x00035c88      0x194 editors/lib.a(awk.o)
 .text.nextchar
                0x00035e1c       0x80 editors/lib.a(awk.o)
 .text.do_mktime
                0x00035e9c       0x94 editors/lib.a(awk.o)
 .text.syntax_error
                0x00035f30       0x30 editors/lib.a(awk.o)
 .text.fmt_num  0x00035f60      0x14c editors/lib.a(awk.o)
 .text.getvar_s
                0x000360ac       0xb8 editors/lib.a(awk.o)
 .text.handle_special
                0x00036164      0x210 editors/lib.a(awk.o)
 .text.copyvar  0x00036374       0x78 editors/lib.a(awk.o)
 .text.setvar_i
                0x000363ec       0x5c editors/lib.a(awk.o)
 .text.incvar   0x00036448       0x50 editors/lib.a(awk.o)
 .text.setvar_p
                0x00036498       0x40 editors/lib.a(awk.o)
 .text.setvar_s
                0x000364d8       0x44 editors/lib.a(awk.o)
 .text.awk_getline
                0x0003651c      0x33c editors/lib.a(awk.o)
 .text.setvar_u
                0x00036858       0x24 editors/lib.a(awk.o)
 .text.is_assignment
                0x0003687c       0xf0 editors/lib.a(awk.o)
 .text.next_input_file
                0x0003696c      0x15c editors/lib.a(awk.o)
 .text.setari_u
                0x00036ac8       0x58 editors/lib.a(awk.o)
 .text.awk_split
                0x00036b20      0x2cc editors/lib.a(awk.o)
 .text.split_f0
                0x00036dec      0x108 editors/lib.a(awk.o)
 .text.next_token
                0x00036ef4      0x4a0 editors/lib.a(awk.o)
 .text.condition
                0x00037394       0x20 editors/lib.a(awk.o)
 .text.parse_expr
                0x000373b4      0x3b4 editors/lib.a(awk.o)
 .text.chain_expr
                0x00037768       0x58 editors/lib.a(awk.o)
 .text.chain_group
                0x000377c0      0x31c editors/lib.a(awk.o)