Flow report for ghrd_4sgx230
Thu Nov  4 06:49:57 2010
Quartus II Version 10.1 Build 149 11/03/2010 SJ Full Version


---------------------
; Table of Contents ;
---------------------
  1. Legal Notice
  2. Flow Summary
  3. Flow Settings
  4. Flow Non-Default Global Settings
  5. Flow Elapsed Time
  6. Flow OS Summary
  7. Flow Log



----------------
; Legal Notice ;
----------------
Copyright (C) 1991-2010 Altera Corporation
Your use of Altera Corporation's design tools, logic functions 
and other software and tools, and its AMPP partner logic 
functions, and any output files from any of the foregoing 
(including device programming or simulation files), and any 
associated documentation or information are expressly subject 
to the terms and conditions of the Altera Program License 
Subscription Agreement, Altera MegaCore Function License 
Agreement, or other applicable license agreement, including, 
without limitation, that your use is for the sole purpose of 
programming logic devices manufactured by Altera and sold by 
Altera or its authorized distributors.  Please refer to the 
applicable agreement for further details.



+-------------------------------------------------------------------------------+
; Flow Summary                                                                  ;
+-----------------------------------+-------------------------------------------+
; Flow Status                       ; Successful - Thu Nov  4 06:49:57 2010     ;
; Quartus II Version                ; 10.1 Build 149 11/03/2010 SJ Full Version ;
; Revision Name                     ; ghrd_4sgx230                              ;
; Top-level Entity Name             ; ghrd_4sgx230                              ;
; Family                            ; Stratix IV                                ;
; Device                            ; EP4SGX230KF40C2                           ;
; Timing Models                     ; Final                                     ;
; Logic utilization                 ; 9 %                                       ;
;     Combinational ALUTs           ; 12,106 / 182,400 ( 7 % )                  ;
;     Memory ALUTs                  ; 207 / 91,200 ( < 1 % )                    ;
;     Dedicated logic registers     ; 11,462 / 182,400 ( 6 % )                  ;
; Total registers                   ; 11677                                     ;
; Total pins                        ; 139 / 888 ( 16 % )                        ;
; Total virtual pins                ; 0                                         ;
; Total block memory bits           ; 834,936 / 14,625,792 ( 6 % )              ;
; DSP block 18-bit elements         ; 4 / 1,288 ( < 1 % )                       ;
; Total GXB Receiver Channel PCS    ; 0 / 24 ( 0 % )                            ;
; Total GXB Receiver Channel PMA    ; 0 / 36 ( 0 % )                            ;
; Total GXB Transmitter Channel PCS ; 0 / 24 ( 0 % )                            ;
; Total GXB Transmitter Channel PMA ; 0 / 36 ( 0 % )                            ;
; Total PLLs                        ; 3 / 8 ( 38 % )                            ;
; Total DLLs                        ; 1 / 4 ( 25 % )                            ;
+-----------------------------------+-------------------------------------------+


+-----------------------------------------+
; Flow Settings                           ;
+-------------------+---------------------+
; Option            ; Setting             ;
+-------------------+---------------------+
; Start date & time ; 11/04/2010 06:15:06 ;
; Main task         ; Compilation         ;
; Revision Name     ; ghrd_4sgx230        ;
+-------------------+---------------------+


+--------------------------------------------------------------------------------------------------------------------------------------------------------------------------+
; Flow Non-Default Global Settings                                                                                                                                         ;
+---------------------------------------------------+-----------------------------------------------------------------------+---------------+-------------+----------------+
; Assignment Name                                   ; Value                                                                 ; Default Value ; Entity Name ; Section Id     ;
+---------------------------------------------------+-----------------------------------------------------------------------+---------------+-------------+----------------+
; ADV_NETLIST_OPT_SYNTH_GATE_RETIME                 ; On                                                                    ; Off           ; --          ; --             ;
; ADV_NETLIST_OPT_SYNTH_WYSIWYG_REMAP               ; On                                                                    ; Off           ; --          ; --             ;
; COMPILER_SIGNATURE_ID                             ; 83523205431.128887650500756                                           ; --            ; --          ; --             ;
; CYCLONEII_OPTIMIZATION_TECHNIQUE                  ; Speed                                                                 ; Balanced      ; --          ; --             ;
; FITTER_EFFORT                                     ; Standard Fit                                                          ; Auto Fit      ; --          ; --             ;
; IP_TOOL_NAME                                      ; Triple Speed Ethernet                                                 ; --            ; --          ; --             ;
; IP_TOOL_VERSION                                   ; 10.1                                                                  ; --            ; --          ; --             ;
; MAX_CORE_JUNCTION_TEMP                            ; 85                                                                    ; --            ; --          ; --             ;
; MIN_CORE_JUNCTION_TEMP                            ; 0                                                                     ; --            ; --          ; --             ;
; MISC_FILE                                         ; triple_speed_ethernet-library/altera_tse_a_fifo_13.v                  ; --            ; --          ; --             ;
; MISC_FILE                                         ; triple_speed_ethernet-library/altera_tse_a_fifo_24.v                  ; --            ; --          ; --             ;
; MISC_FILE                                         ; triple_speed_ethernet-library/altera_tse_a_fifo_34.v                  ; --            ; --          ; --             ;
; MISC_FILE                                         ; triple_speed_ethernet-library/altera_tse_a_fifo_opt_1246.v            ; --            ; --          ; --             ;
; MISC_FILE                                         ; triple_speed_ethernet-library/altera_tse_a_fifo_opt_14_44.v           ; --            ; --          ; --             ;
; MISC_FILE                                         ; triple_speed_ethernet-library/altera_tse_a_fifo_opt_36_10.v           ; --            ; --          ; --             ;
; MISC_FILE                                         ; triple_speed_ethernet-library/altera_tse_align_sync.v                 ; --            ; --          ; --             ;
; MISC_FILE                                         ; triple_speed_ethernet-library/altera_tse_alt2gxb_arriagx.v            ; --            ; --          ; --             ;
; MISC_FILE                                         ; triple_speed_ethernet-library/altera_tse_alt2gxb_basic.v              ; --            ; --          ; --             ;
; MISC_FILE                                         ; triple_speed_ethernet-library/altera_tse_alt2gxb_gige.v               ; --            ; --          ; --             ;
; MISC_FILE                                         ; triple_speed_ethernet-library/altera_tse_alt2gxb_gige_wo_rmfifo.v     ; --            ; --          ; --             ;
; MISC_FILE                                         ; triple_speed_ethernet-library/altera_tse_alt4gxb_gige.v               ; --            ; --          ; --             ;
; MISC_FILE                                         ; triple_speed_ethernet-library/altera_tse_alt4gxb_gige_wo_rmfifo.v     ; --            ; --          ; --             ;
; MISC_FILE                                         ; triple_speed_ethernet-library/altera_tse_altgx_civgx_gige.v           ; --            ; --          ; --             ;
; MISC_FILE                                         ; triple_speed_ethernet-library/altera_tse_altgx_civgx_gige_wo_rmfifo.v ; --            ; --          ; --             ;
; MISC_FILE                                         ; triple_speed_ethernet-library/altera_tse_altshifttaps.v               ; --            ; --          ; --             ;
; MISC_FILE                                         ; triple_speed_ethernet-library/altera_tse_altsyncram_dpm_fifo.v        ; --            ; --          ; --             ;
; MISC_FILE                                         ; triple_speed_ethernet-library/altera_tse_bin_cnt.v                    ; --            ; --          ; --             ;
; MISC_FILE                                         ; triple_speed_ethernet-library/altera_tse_carrier_sense.v              ; --            ; --          ; --             ;
; MISC_FILE                                         ; triple_speed_ethernet-library/altera_tse_clk_cntl.v                   ; --            ; --          ; --             ;
; MISC_FILE                                         ; triple_speed_ethernet-library/altera_tse_clk_gen.v                    ; --            ; --          ; --             ;
; MISC_FILE                                         ; triple_speed_ethernet-library/altera_tse_colision_detect.v            ; --            ; --          ; --             ;
; MISC_FILE                                         ; triple_speed_ethernet-library/altera_tse_crc328checker.v              ; --            ; --          ; --             ;
; MISC_FILE                                         ; triple_speed_ethernet-library/altera_tse_crc328generator.v            ; --            ; --          ; --             ;
; MISC_FILE                                         ; triple_speed_ethernet-library/altera_tse_crc32ctl8.v                  ; --            ; --          ; --             ;
; MISC_FILE                                         ; triple_speed_ethernet-library/altera_tse_crc32galois8.v               ; --            ; --          ; --             ;
; MISC_FILE                                         ; triple_speed_ethernet-library/altera_tse_dc_fifo.v                    ; --            ; --          ; --             ;
; MISC_FILE                                         ; triple_speed_ethernet-library/altera_tse_dec10b8b.v                   ; --            ; --          ; --             ;
; MISC_FILE                                         ; triple_speed_ethernet-library/altera_tse_dec_func.v                   ; --            ; --          ; --             ;
; MISC_FILE                                         ; triple_speed_ethernet-library/altera_tse_dpram_16x32.v                ; --            ; --          ; --             ;
; MISC_FILE                                         ; triple_speed_ethernet-library/altera_tse_dpram_8x32.v                 ; --            ; --          ; --             ;
; MISC_FILE                                         ; triple_speed_ethernet-library/altera_tse_enc8b10b.v                   ; --            ; --          ; --             ;
; MISC_FILE                                         ; triple_speed_ethernet-library/altera_tse_fifoless_mac_rx.v            ; --            ; --          ; --             ;
; MISC_FILE                                         ; triple_speed_ethernet-library/altera_tse_fifoless_mac_tx.v            ; --            ; --          ; --             ;
; MISC_FILE                                         ; triple_speed_ethernet-library/altera_tse_fifoless_retransmit_cntl.v   ; --            ; --          ; --             ;
; MISC_FILE                                         ; triple_speed_ethernet-library/altera_tse_geth_pcs_wo_ratematch.v      ; --            ; --          ; --             ;
; MISC_FILE                                         ; triple_speed_ethernet-library/altera_tse_gige_reset_ctrl.v            ; --            ; --          ; --             ;
; MISC_FILE                                         ; triple_speed_ethernet-library/altera_tse_gmii_io.v                    ; --            ; --          ; --             ;
; MISC_FILE                                         ; triple_speed_ethernet-library/altera_tse_gray_cnt.v                   ; --            ; --          ; --             ;
; MISC_FILE                                         ; triple_speed_ethernet-library/altera_tse_gxb_aligned_rxsync.v         ; --            ; --          ; --             ;
; MISC_FILE                                         ; triple_speed_ethernet-library/altera_tse_gxb_gige_inst.v              ; --            ; --          ; --             ;
; MISC_FILE                                         ; triple_speed_ethernet-library/altera_tse_hashing.v                    ; --            ; --          ; --             ;
; MISC_FILE                                         ; triple_speed_ethernet-library/altera_tse_host_control.v               ; --            ; --          ; --             ;
; MISC_FILE                                         ; triple_speed_ethernet-library/altera_tse_host_control_small.v         ; --            ; --          ; --             ;
; MISC_FILE                                         ; triple_speed_ethernet-library/altera_tse_lb_read_cntl.v               ; --            ; --          ; --             ;
; MISC_FILE                                         ; triple_speed_ethernet-library/altera_tse_lb_wrt_cntl.v                ; --            ; --          ; --             ;
; MISC_FILE                                         ; triple_speed_ethernet-library/altera_tse_lfsr_10.v                    ; --            ; --          ; --             ;
; MISC_FILE                                         ; triple_speed_ethernet-library/altera_tse_loopback_ff.v                ; --            ; --          ; --             ;
; MISC_FILE                                         ; triple_speed_ethernet-library/altera_tse_lvds_reset_sequencer.v       ; --            ; --          ; --             ;
; MISC_FILE                                         ; triple_speed_ethernet-library/altera_tse_mac.v                        ; --            ; --          ; --             ;
; MISC_FILE                                         ; triple_speed_ethernet-library/altera_tse_mac_control.v                ; --            ; --          ; --             ;
; MISC_FILE                                         ; triple_speed_ethernet-library/altera_tse_mac_pcs.v                    ; --            ; --          ; --             ;
; MISC_FILE                                         ; triple_speed_ethernet-library/altera_tse_mac_pcs_gige_woff.v          ; --            ; --          ; --             ;
; MISC_FILE                                         ; triple_speed_ethernet-library/altera_tse_mac_pcs_pma.v                ; --            ; --          ; --             ;
; MISC_FILE                                         ; triple_speed_ethernet-library/altera_tse_mac_pcs_pma_ena.v            ; --            ; --          ; --             ;
; MISC_FILE                                         ; triple_speed_ethernet-library/altera_tse_mac_pcs_pma_gige.v           ; --            ; --          ; --             ;
; MISC_FILE                                         ; triple_speed_ethernet-library/altera_tse_mac_pcs_pma_strx_gx_ena.v    ; --            ; --          ; --             ;
; MISC_FILE                                         ; triple_speed_ethernet-library/altera_tse_mac_pcs_woff.v               ; --            ; --          ; --             ;
; MISC_FILE                                         ; triple_speed_ethernet-library/altera_tse_mac_rx.v                     ; --            ; --          ; --             ;
; MISC_FILE                                         ; triple_speed_ethernet-library/altera_tse_mac_tx.v                     ; --            ; --          ; --             ;
; MISC_FILE                                         ; triple_speed_ethernet-library/altera_tse_mac_woff.v                   ; --            ; --          ; --             ;
; MISC_FILE                                         ; triple_speed_ethernet-library/altera_tse_magic_detection.v            ; --            ; --          ; --             ;
; MISC_FILE                                         ; triple_speed_ethernet-library/altera_tse_mdio.v                       ; --            ; --          ; --             ;
; MISC_FILE                                         ; triple_speed_ethernet-library/altera_tse_mdio_clk_gen.v               ; --            ; --          ; --             ;
; MISC_FILE                                         ; triple_speed_ethernet-library/altera_tse_mdio_cntl.v                  ; --            ; --          ; --             ;
; MISC_FILE                                         ; triple_speed_ethernet-library/altera_tse_mdio_reg.v                   ; --            ; --          ; --             ;
; MISC_FILE                                         ; triple_speed_ethernet-library/altera_tse_mii_rx_if.v                  ; --            ; --          ; --             ;
; MISC_FILE                                         ; triple_speed_ethernet-library/altera_tse_mii_rx_if_pcs.v              ; --            ; --          ; --             ;
; MISC_FILE                                         ; triple_speed_ethernet-library/altera_tse_mii_tx_if.v                  ; --            ; --          ; --             ;
; MISC_FILE                                         ; triple_speed_ethernet-library/altera_tse_mii_tx_if_pcs.v              ; --            ; --          ; --             ;
; MISC_FILE                                         ; triple_speed_ethernet-library/altera_tse_multi_channel_arbiter.v      ; --            ; --          ; --             ;
; MISC_FILE                                         ; triple_speed_ethernet-library/altera_tse_multi_mac.v                  ; --            ; --          ; --             ;
; MISC_FILE                                         ; triple_speed_ethernet-library/altera_tse_multi_mac_pcs.v              ; --            ; --          ; --             ;
; MISC_FILE                                         ; triple_speed_ethernet-library/altera_tse_multi_mac_pcs_pma.v          ; --            ; --          ; --             ;
; MISC_FILE                                         ; triple_speed_ethernet-library/altera_tse_multi_mac_pcs_pma_gige.v     ; --            ; --          ; --             ;
; MISC_FILE                                         ; triple_speed_ethernet-library/altera_tse_pcs.v                        ; --            ; --          ; --             ;
; MISC_FILE                                         ; triple_speed_ethernet-library/altera_tse_pcs_control.v                ; --            ; --          ; --             ;
; MISC_FILE                                         ; triple_speed_ethernet-library/altera_tse_pcs_host_control.v           ; --            ; --          ; --             ;
; MISC_FILE                                         ; triple_speed_ethernet-library/altera_tse_pcs_pma.v                    ; --            ; --          ; --             ;
; MISC_FILE                                         ; triple_speed_ethernet-library/altera_tse_pcs_pma_gige.v               ; --            ; --          ; --             ;
; MISC_FILE                                         ; triple_speed_ethernet-library/altera_tse_pma_lvds_rx.v                ; --            ; --          ; --             ;
; MISC_FILE                                         ; triple_speed_ethernet-library/altera_tse_pma_lvds_tx.v                ; --            ; --          ; --             ;
; MISC_FILE                                         ; triple_speed_ethernet-library/altera_tse_quad_16x32.v                 ; --            ; --          ; --             ;
; MISC_FILE                                         ; triple_speed_ethernet-library/altera_tse_quad_8x32.v                  ; --            ; --          ; --             ;
; MISC_FILE                                         ; triple_speed_ethernet-library/altera_tse_register_map.v               ; --            ; --          ; --             ;
; MISC_FILE                                         ; triple_speed_ethernet-library/altera_tse_register_map_small.v         ; --            ; --          ; --             ;
; MISC_FILE                                         ; triple_speed_ethernet-library/altera_tse_reset_ctrl_lego.sv           ; --            ; --          ; --             ;
; MISC_FILE                                         ; triple_speed_ethernet-library/altera_tse_reset_sequencer.sv           ; --            ; --          ; --             ;
; MISC_FILE                                         ; triple_speed_ethernet-library/altera_tse_reset_synchronizer.v         ; --            ; --          ; --             ;
; MISC_FILE                                         ; triple_speed_ethernet-library/altera_tse_retransmit_cntl.v            ; --            ; --          ; --             ;
; MISC_FILE                                         ; triple_speed_ethernet-library/altera_tse_rgmii_in1.v                  ; --            ; --          ; --             ;
; MISC_FILE                                         ; triple_speed_ethernet-library/altera_tse_rgmii_in4.v                  ; --            ; --          ; --             ;
; MISC_FILE                                         ; triple_speed_ethernet-library/altera_tse_rgmii_module.v               ; --            ; --          ; --             ;
; MISC_FILE                                         ; triple_speed_ethernet-library/altera_tse_rgmii_out1.v                 ; --            ; --          ; --             ;
; MISC_FILE                                         ; triple_speed_ethernet-library/altera_tse_rgmii_out4.v                 ; --            ; --          ; --             ;
; MISC_FILE                                         ; triple_speed_ethernet-library/altera_tse_rx_converter.v               ; --            ; --          ; --             ;
; MISC_FILE                                         ; triple_speed_ethernet-library/altera_tse_rx_counter_cntl.v            ; --            ; --          ; --             ;
; MISC_FILE                                         ; triple_speed_ethernet-library/altera_tse_rx_encapsulation.v           ; --            ; --          ; --             ;
; MISC_FILE                                         ; triple_speed_ethernet-library/altera_tse_rx_encapsulation_strx_gx.v   ; --            ; --          ; --             ;
; MISC_FILE                                         ; triple_speed_ethernet-library/altera_tse_rx_ff.v                      ; --            ; --          ; --             ;
; MISC_FILE                                         ; triple_speed_ethernet-library/altera_tse_rx_ff_cntrl.v                ; --            ; --          ; --             ;
; MISC_FILE                                         ; triple_speed_ethernet-library/altera_tse_rx_ff_cntrl_32.v             ; --            ; --          ; --             ;
; MISC_FILE                                         ; triple_speed_ethernet-library/altera_tse_rx_ff_cntrl_32_shift16.v     ; --            ; --          ; --             ;
; MISC_FILE                                         ; triple_speed_ethernet-library/altera_tse_rx_ff_length.v               ; --            ; --          ; --             ;
; MISC_FILE                                         ; triple_speed_ethernet-library/altera_tse_rx_fifo_rd.v                 ; --            ; --          ; --             ;
; MISC_FILE                                         ; triple_speed_ethernet-library/altera_tse_rx_min_ff.v                  ; --            ; --          ; --             ;
; MISC_FILE                                         ; triple_speed_ethernet-library/altera_tse_rx_stat_extract.v            ; --            ; --          ; --             ;
; MISC_FILE                                         ; triple_speed_ethernet-library/altera_tse_rx_sync.v                    ; --            ; --          ; --             ;
; MISC_FILE                                         ; triple_speed_ethernet-library/altera_tse_sdpm_altsyncram.v            ; --            ; --          ; --             ;
; MISC_FILE                                         ; triple_speed_ethernet-library/altera_tse_sdpm_gen.v                   ; --            ; --          ; --             ;
; MISC_FILE                                         ; triple_speed_ethernet-library/altera_tse_sgmii_clk_cntl.v             ; --            ; --          ; --             ;
; MISC_FILE                                         ; triple_speed_ethernet-library/altera_tse_sgmii_clk_div.v              ; --            ; --          ; --             ;
; MISC_FILE                                         ; triple_speed_ethernet-library/altera_tse_sgmii_clk_enable.v           ; --            ; --          ; --             ;
; MISC_FILE                                         ; triple_speed_ethernet-library/altera_tse_sgmii_clk_scheduler.v        ; --            ; --          ; --             ;
; MISC_FILE                                         ; triple_speed_ethernet-library/altera_tse_shared_mac_control.v         ; --            ; --          ; --             ;
; MISC_FILE                                         ; triple_speed_ethernet-library/altera_tse_shared_register_map.v        ; --            ; --          ; --             ;
; MISC_FILE                                         ; triple_speed_ethernet-library/altera_tse_timing_adapter32.v           ; --            ; --          ; --             ;
; MISC_FILE                                         ; triple_speed_ethernet-library/altera_tse_timing_adapter8.v            ; --            ; --          ; --             ;
; MISC_FILE                                         ; triple_speed_ethernet-library/altera_tse_timing_adapter_fifo32.v      ; --            ; --          ; --             ;
; MISC_FILE                                         ; triple_speed_ethernet-library/altera_tse_timing_adapter_fifo8.v       ; --            ; --          ; --             ;
; MISC_FILE                                         ; triple_speed_ethernet-library/altera_tse_top_1000_base_x.v            ; --            ; --          ; --             ;
; MISC_FILE                                         ; triple_speed_ethernet-library/altera_tse_top_1000_base_x_strx_gx.v    ; --            ; --          ; --             ;
; MISC_FILE                                         ; triple_speed_ethernet-library/altera_tse_top_1geth.v                  ; --            ; --          ; --             ;
; MISC_FILE                                         ; triple_speed_ethernet-library/altera_tse_top_autoneg.v                ; --            ; --          ; --             ;
; MISC_FILE                                         ; triple_speed_ethernet-library/altera_tse_top_fifoless_1geth.v         ; --            ; --          ; --             ;
; MISC_FILE                                         ; triple_speed_ethernet-library/altera_tse_top_gen_host.v               ; --            ; --          ; --             ;
; MISC_FILE                                         ; triple_speed_ethernet-library/altera_tse_top_mdio.v                   ; --            ; --          ; --             ;
; MISC_FILE                                         ; triple_speed_ethernet-library/altera_tse_top_multi_mac.v              ; --            ; --          ; --             ;
; MISC_FILE                                         ; triple_speed_ethernet-library/altera_tse_top_multi_mac_pcs.v          ; --            ; --          ; --             ;
; MISC_FILE                                         ; triple_speed_ethernet-library/altera_tse_top_multi_mac_pcs_gige.v     ; --            ; --          ; --             ;
; MISC_FILE                                         ; triple_speed_ethernet-library/altera_tse_top_pcs.v                    ; --            ; --          ; --             ;
; MISC_FILE                                         ; triple_speed_ethernet-library/altera_tse_top_pcs_strx_gx.v            ; --            ; --          ; --             ;
; MISC_FILE                                         ; triple_speed_ethernet-library/altera_tse_top_rx.v                     ; --            ; --          ; --             ;
; MISC_FILE                                         ; triple_speed_ethernet-library/altera_tse_top_rx_converter.v           ; --            ; --          ; --             ;
; MISC_FILE                                         ; triple_speed_ethernet-library/altera_tse_top_sgmii.v                  ; --            ; --          ; --             ;
; MISC_FILE                                         ; triple_speed_ethernet-library/altera_tse_top_sgmii_strx_gx.v          ; --            ; --          ; --             ;
; MISC_FILE                                         ; triple_speed_ethernet-library/altera_tse_top_tx.v                     ; --            ; --          ; --             ;
; MISC_FILE                                         ; triple_speed_ethernet-library/altera_tse_top_tx_converter.v           ; --            ; --          ; --             ;
; MISC_FILE                                         ; triple_speed_ethernet-library/altera_tse_top_w_fifo.v                 ; --            ; --          ; --             ;
; MISC_FILE                                         ; triple_speed_ethernet-library/altera_tse_top_w_fifo_10_100_1000.v     ; --            ; --          ; --             ;
; MISC_FILE                                         ; triple_speed_ethernet-library/altera_tse_top_wo_fifo.v                ; --            ; --          ; --             ;
; MISC_FILE                                         ; triple_speed_ethernet-library/altera_tse_top_wo_fifo_10_100_1000.v    ; --            ; --          ; --             ;
; MISC_FILE                                         ; triple_speed_ethernet-library/altera_tse_tx_converter.v               ; --            ; --          ; --             ;
; MISC_FILE                                         ; triple_speed_ethernet-library/altera_tse_tx_counter_cntl.v            ; --            ; --          ; --             ;
; MISC_FILE                                         ; triple_speed_ethernet-library/altera_tse_tx_encapsulation.v           ; --            ; --          ; --             ;
; MISC_FILE                                         ; triple_speed_ethernet-library/altera_tse_tx_ff.v                      ; --            ; --          ; --             ;
; MISC_FILE                                         ; triple_speed_ethernet-library/altera_tse_tx_ff_cntrl.v                ; --            ; --          ; --             ;
; MISC_FILE                                         ; triple_speed_ethernet-library/altera_tse_tx_ff_cntrl_32.v             ; --            ; --          ; --             ;
; MISC_FILE                                         ; triple_speed_ethernet-library/altera_tse_tx_ff_cntrl_32_shift16.v     ; --            ; --          ; --             ;
; MISC_FILE                                         ; triple_speed_ethernet-library/altera_tse_tx_ff_length.v               ; --            ; --          ; --             ;
; MISC_FILE                                         ; triple_speed_ethernet-library/altera_tse_tx_ff_read_cntl.v            ; --            ; --          ; --             ;
; MISC_FILE                                         ; triple_speed_ethernet-library/altera_tse_tx_min_ff.v                  ; --            ; --          ; --             ;
; MISC_FILE                                         ; triple_speed_ethernet-library/altera_tse_tx_stat_extract.v            ; --            ; --          ; --             ;
; MISC_FILE                                         ; tse_mac.v                                                             ; --            ; --          ; --             ;
; MISC_FILE                                         ; tse_mac.qip                                                           ; --            ; --          ; --             ;
; MISC_FILE                                         ; tse_mac.html                                                          ; --            ; --          ; --             ;
; MUX_RESTRUCTURE                                   ; Off                                                                   ; Auto          ; --          ; --             ;
; NUM_PARALLEL_PROCESSORS                           ; All                                                                   ; --            ; --          ; --             ;
; PARTITION_COLOR                                   ; 2147039                                                               ; --            ; --          ; Top            ;
; PARTITION_NETLIST_TYPE                            ; SOURCE                                                                ; --            ; --          ; Top            ;
; PHYSICAL_SYNTHESIS_ASYNCHRONOUS_SIGNAL_PIPELINING ; On                                                                    ; Off           ; --          ; --             ;
; PHYSICAL_SYNTHESIS_COMBO_LOGIC                    ; On                                                                    ; Off           ; --          ; --             ;
; PHYSICAL_SYNTHESIS_EFFORT                         ; Extra                                                                 ; Normal        ; --          ; --             ;
; PHYSICAL_SYNTHESIS_REGISTER_DUPLICATION           ; On                                                                    ; Off           ; --          ; --             ;
; PHYSICAL_SYNTHESIS_REGISTER_RETIMING              ; On                                                                    ; Off           ; --          ; --             ;
; SEARCH_PATH                                       ; .                                                                     ; --            ; --          ; --             ;
; SEARCH_PATH                                       ; triple_speed_ethernet-library                                         ; --            ; --          ; --             ;
; SOPC_BUILDER_SIGNATURE_ID                         ; 0013725EF9370000012C17011AF2                                          ; --            ; --          ; --             ;
; STATE_MACHINE_PROCESSING                          ; One-Hot                                                               ; Auto          ; --          ; --             ;
; TIMEQUEST_DO_REPORT_TIMING                        ; On                                                                    ; Off           ; --          ; --             ;
; TIMEQUEST_MULTICORNER_ANALYSIS                    ; Off                                                                   ; On            ; --          ; --             ;
; USE_GENERATED_PHYSICAL_CONSTRAINTS                ; Off                                                                   ; --            ; --          ; eda_blast_fpga ;
+---------------------------------------------------+-----------------------------------------------------------------------+---------------+-------------+----------------+


+-------------------------------------------------------------------------------------------------------------------------------+
; Flow Elapsed Time                                                                                                             ;
+---------------------------+--------------+-------------------------+---------------------+------------------------------------+
; Module Name               ; Elapsed Time ; Average Processors Used ; Peak Virtual Memory ; Total CPU Time (on all processors) ;
+---------------------------+--------------+-------------------------+---------------------+------------------------------------+
; Analysis & Synthesis      ; 00:10:11     ; 1.0                     ; --                  ; 00:09:26                           ;
; Fitter                    ; 00:21:33     ; 1.3                     ; --                  ; 00:25:09                           ;
; Assembler                 ; 00:01:42     ; 1.0                     ; --                  ; 00:01:36                           ;
; TimeQuest Timing Analyzer ; 00:01:22     ; 1.3                     ; --                  ; 00:01:24                           ;
; Total                     ; 00:33:26     ; --                      ; --                  ; 00:36:11                           ;
+---------------------------+--------------+-------------------------+---------------------+------------------------------------+


+-----------------------------------------------------------------------------------------------------+
; Flow OS Summary                                                                                     ;
+---------------------------+--------------------------+----------------+------------+----------------+
; Module Name               ; Machine Hostname         ; OS Name        ; OS Version ; Processor type ;
+---------------------------+--------------------------+----------------+------------+----------------+
; Analysis & Synthesis      ; sj-bs3400-313.altera.com ; CentOS release ; 4          ; x86_64         ;
; Fitter                    ; sj-bs3400-313.altera.com ; CentOS release ; 4          ; x86_64         ;
; TimeQuest Timing Analyzer ; sj-bs3400-313.altera.com ; CentOS release ; 4          ; x86_64         ;
; Assembler                 ; sj-bs3400-313.altera.com ; CentOS release ; 4          ; x86_64         ;
+---------------------------+--------------------------+----------------+------------+----------------+


------------
; Flow Log ;
------------
quartus_map --read_settings_files=on --write_settings_files=off ghrd_4sgx230 -c ghrd_4sgx230
quartus_fit --read_settings_files=off --write_settings_files=off ghrd_4sgx230 -c ghrd_4sgx230
quartus_sta ghrd_4sgx230 -c ghrd_4sgx230
quartus_asm --read_settings_files=off --write_settings_files=off ghrd_4sgx230 -c ghrd_4sgx230



